mvn.cmd : SLF4J: Failed to load class "org.slf4j.impl.StaticLoggerBinder".
At line:1 char:165
+ ... \bin\mvn.cmd'; & $mvn -q test "-Dsurefire.useFile=false" 2>&1 | Tee-O ...
+                    ~~~~~~~~~~~~~~~~~~~~~~~~~~~~~~~~~~~~~~~~~~~~~~
    + CategoryInfo          : NotSpecified: (SLF4J: Failed t...cLoggerBinder".:String) [], RemoteException
    + FullyQualifiedErrorId : NativeCommandError
 
SLF4J: Defaulting to no-operation (NOP) logger implementation
SLF4J: See http://www.slf4j.org/codes.html#StaticLoggerBinder for further details.
[ApiConfig] Loaded config.properties
[ApiConfig] Trying: admin@rivio.com / p***d
[ApiConfig] ? Login OK  userId=1  empProfileId=1
? Token present. userId=1  empProfileId=1
Request method:	POST
Request URI:	https://riviobackendspringboot-production.up.railway.app/api/auth/login
Proxy:			<none>
Request params:	<none>
Query params:	<none>
Form params:	<none>
Path params:	<none>
Headers:		Accept=application/json, application/javascript, text/javascript, text/json
				Content-Type=application/json
Cookies:		<none>
Multiparts:		<none>
Body:
{
    "password": "password",
    "email": "admin@rivio.com"
}
? Live login success. Role: Super Admin
Request method:	POST
Request URI:	https://riviobackendspringboot-production.up.railway.app/api/auth/login
Proxy:			<none>
Request params:	<none>
Query params:	<none>
Form params:	<none>
Path params:	<none>
Headers:		Accept=application/json, application/javascript, text/javascript, text/json
				Content-Type=application/json
Cookies:		<none>
Multiparts:		<none>
Body:
{
    "password": "password",
    "email": "sarah.hr@rivio.com"
}
Request method:	POST
Request URI:	https://riviobackendspringboot-production.up.railway.app/api/auth/login
Proxy:			<none>
Request params:	<none>
Query params:	<none>
Form params:	<none>
Path params:	<none>
Headers:		Accept=application/json, application/javascript, text/javascript, text/json
				Content-Type=application/json
Cookies:		<none>
Multiparts:		<none>
Body:
{
    "password": "WrongPassword999",
    "email": "admin@rivio.com"
}
? Invalid login rejected with HTTP 401
Request method:	POST
Request URI:	https://riviobackendspringboot-production.up.railway.app/api/users
Proxy:			<none>
Request params:	<none>
Query params:	<none>
Form params:	<none>
Path params:	<none>
Headers:		Accept=application/json, application/javascript, text/javascript, text/json
				Authorization=Bearer eyJhbGciOiJIUzI1NiJ9.eyJzdWIiOiJhZG1pbkByaXZpby5jb20iLCJ1c2VySWQiOjEsInJvbGUiOiJTdXBlciBBZG1pbiIsInBlcm1pc3Npb25zIjpbIk1BTkFHRV9TWVNURU1fU0VUVElOR1MiLCJBRERfRU1QTE9ZRUUiLCJFRElUX0VNUExPWUVFIiwiQVBQUk9WRV9MRUFWRV9BTEwiLCJBUFBST1ZFX0xFQVZFX1RFQU0iLCJSVU5fUEFZUk9MTCIsIlZJRVdfQUxMX1BBWVNMSVBTIiwiRURJVF9BVFRFTkRBTkNFX0FMTCIsIlZJRVdfT1dOX1BST0ZJTEUiXSwiaWF0IjoxNzc4MzM4OTEwLCJleHAiOjE3Nzg0MjUzMTB9.N9ACWxPCPXMINcotDZG_m6RG5OqI900zgWhLh0Taa5c
				Content-Type=application/json
Cookies:		<none>
Multiparts:		<none>
Body:
{
    "password": "TestPass123!",
    "roleId": 4,
    "email": "newuser_auto@rivio.com"
}
? User created, ID: 16
Request method:	GET
Request URI:	https://riviobackendspringboot-production.up.railway.app/api/users?page=0&size=10
Proxy:			<none>
Request params:	<none>
Query params:	page=0
				size=10
Form params:	<none>
Path params:	<none>
Headers:		Accept=application/json, application/javascript, text/javascript, text/json
				Authorization=Bearer eyJhbGciOiJIUzI1NiJ9.eyJzdWIiOiJhZG1pbkByaXZpby5jb20iLCJ1c2VySWQiOjEsInJvbGUiOiJTdXBlciBBZG1pbiIsInBlcm1pc3Npb25zIjpbIk1BTkFHRV9TWVNURU1fU0VUVElOR1MiLCJBRERfRU1QTE9ZRUUiLCJFRElUX0VNUExPWUVFIiwiQVBQUk9WRV9MRUFWRV9BTEwiLCJBUFBST1ZFX0xFQVZFX1RFQU0iLCJSVU5fUEFZUk9MTCIsIlZJRVdfQUxMX1BBWVNMSVBTIiwiRURJVF9BVFRFTkRBTkNFX0FMTCIsIlZJRVdfT1dOX1BST0ZJTEUiXSwiaWF0IjoxNzc4MzM4OTEwLCJleHAiOjE3Nzg0MjUzMTB9.N9ACWxPCPXMINcotDZG_m6RG5OqI900zgWhLh0Taa5c
				Content-Type=application/json
Cookies:		<none>
Multiparts:		<none>
Body:			<none>
? Users listed. Total: 14
Request method:	POST
Request URI:	https://riviobackendspringboot-production.up.railway.app/api/users/16/reset-password
Proxy:			<none>
Request params:	<none>
Query params:	<none>
Form params:	<none>
Path params:	<none>
Headers:		Accept=application/json, application/javascript, text/javascript, text/json
				Authorization=Bearer eyJhbGciOiJIUzI1NiJ9.eyJzdWIiOiJhZG1pbkByaXZpby5jb20iLCJ1c2VySWQiOjEsInJvbGUiOiJTdXBlciBBZG1pbiIsInBlcm1pc3Npb25zIjpbIk1BTkFHRV9TWVNURU1fU0VUVElOR1MiLCJBRERfRU1QTE9ZRUUiLCJFRElUX0VNUExPWUVFIiwiQVBQUk9WRV9MRUFWRV9BTEwiLCJBUFBST1ZFX0xFQVZFX1RFQU0iLCJSVU5fUEFZUk9MTCIsIlZJRVdfQUxMX1BBWVNMSVBTIiwiRURJVF9BVFRFTkRBTkNFX0FMTCIsIlZJRVdfT1dOX1BST0ZJTEUiXSwiaWF0IjoxNzc4MzM4OTEwLCJleHAiOjE3Nzg0MjUzMTB9.N9ACWxPCPXMINcotDZG_m6RG5OqI900zgWhLh0Taa5c
				Content-Type=application/json
Cookies:		<none>
Multiparts:		<none>
Body:
{
    "newPassword": "NewSecurePass123!"
}
? Password reset for userId: 16
Request method:	DELETE
Request URI:	https://riviobackendspringboot-production.up.railway.app/api/users/16
Proxy:			<none>
Request params:	<none>
Query params:	<none>
Form params:	<none>
Path params:	<none>
Headers:		Accept=application/json, application/javascript, text/javascript, text/json
				Authorization=Bearer eyJhbGciOiJIUzI1NiJ9.eyJzdWIiOiJhZG1pbkByaXZpby5jb20iLCJ1c2VySWQiOjEsInJvbGUiOiJTdXBlciBBZG1pbiIsInBlcm1pc3Npb25zIjpbIk1BTkFHRV9TWVNURU1fU0VUVElOR1MiLCJBRERfRU1QTE9ZRUUiLCJFRElUX0VNUExPWUVFIiwiQVBQUk9WRV9MRUFWRV9BTEwiLCJBUFBST1ZFX0xFQVZFX1RFQU0iLCJSVU5fUEFZUk9MTCIsIlZJRVdfQUxMX1BBWVNMSVBTIiwiRURJVF9BVFRFTkRBTkNFX0FMTCIsIlZJRVdfT1dOX1BST0ZJTEUiXSwiaWF0IjoxNzc4MzM4OTEwLCJleHAiOjE3Nzg0MjUzMTB9.N9ACWxPCPXMINcotDZG_m6RG5OqI900zgWhLh0Taa5c
				Content-Type=application/json
Cookies:		<none>
Multiparts:		<none>
Body:			<none>
? User deleted, ID: 16
Request method:	GET
Request URI:	https://riviobackendspringboot-production.up.railway.app/api/permissions
Proxy:			<none>
Request params:	<none>
Query params:	<none>
Form params:	<none>
Path params:	<none>
Headers:		Accept=application/json, application/javascript, text/javascript, text/json
				Authorization=Bearer eyJhbGciOiJIUzI1NiJ9.eyJzdWIiOiJhZG1pbkByaXZpby5jb20iLCJ1c2VySWQiOjEsInJvbGUiOiJTdXBlciBBZG1pbiIsInBlcm1pc3Npb25zIjpbIk1BTkFHRV9TWVNURU1fU0VUVElOR1MiLCJBRERfRU1QTE9ZRUUiLCJFRElUX0VNUExPWUVFIiwiQVBQUk9WRV9MRUFWRV9BTEwiLCJBUFBST1ZFX0xFQVZFX1RFQU0iLCJSVU5fUEFZUk9MTCIsIlZJRVdfQUxMX1BBWVNMSVBTIiwiRURJVF9BVFRFTkRBTkNFX0FMTCIsIlZJRVdfT1dOX1BST0ZJTEUiXSwiaWF0IjoxNzc4MzM4OTEwLCJleHAiOjE3Nzg0MjUzMTB9.N9ACWxPCPXMINcotDZG_m6RG5OqI900zgWhLh0Taa5c
				Content-Type=application/json
Cookies:		<none>
Multiparts:		<none>
Body:			<none>
? Permissions fetched. Count: 9
Request method:	GET
Request URI:	https://riviobackendspringboot-production.up.railway.app/api/roles
Proxy:			<none>
Request params:	<none>
Query params:	<none>
Form params:	<none>
Path params:	<none>
Headers:		Accept=application/json, application/javascript, text/javascript, text/json
				Authorization=Bearer eyJhbGciOiJIUzI1NiJ9.eyJzdWIiOiJhZG1pbkByaXZpby5jb20iLCJ1c2VySWQiOjEsInJvbGUiOiJTdXBlciBBZG1pbiIsInBlcm1pc3Npb25zIjpbIk1BTkFHRV9TWVNURU1fU0VUVElOR1MiLCJBRERfRU1QTE9ZRUUiLCJFRElUX0VNUExPWUVFIiwiQVBQUk9WRV9MRUFWRV9BTEwiLCJBUFBST1ZFX0xFQVZFX1RFQU0iLCJSVU5fUEFZUk9MTCIsIlZJRVdfQUxMX1BBWVNMSVBTIiwiRURJVF9BVFRFTkRBTkNFX0FMTCIsIlZJRVdfT1dOX1BST0ZJTEUiXSwiaWF0IjoxNzc4MzM4OTEwLCJleHAiOjE3Nzg0MjUzMTB9.N9ACWxPCPXMINcotDZG_m6RG5OqI900zgWhLh0Taa5c
				Content-Type=application/json
Cookies:		<none>
Multiparts:		<none>
Body:			<none>
? Roles fetched. Count: 9
Request method:	GET
Request URI:	https://riviobackendspringboot-production.up.railway.app/api/roles/1
Proxy:			<none>
Request params:	<none>
Query params:	<none>
Form params:	<none>
Path params:	<none>
Headers:		Accept=application/json, application/javascript, text/javascript, text/json
				Authorization=Bearer eyJhbGciOiJIUzI1NiJ9.eyJzdWIiOiJhZG1pbkByaXZpby5jb20iLCJ1c2VySWQiOjEsInJvbGUiOiJTdXBlciBBZG1pbiIsInBlcm1pc3Npb25zIjpbIk1BTkFHRV9TWVNURU1fU0VUVElOR1MiLCJBRERfRU1QTE9ZRUUiLCJFRElUX0VNUExPWUVFIiwiQVBQUk9WRV9MRUFWRV9BTEwiLCJBUFBST1ZFX0xFQVZFX1RFQU0iLCJSVU5fUEFZUk9MTCIsIlZJRVdfQUxMX1BBWVNMSVBTIiwiRURJVF9BVFRFTkRBTkNFX0FMTCIsIlZJRVdfT1dOX1BST0ZJTEUiXSwiaWF0IjoxNzc4MzM4OTEwLCJleHAiOjE3Nzg0MjUzMTB9.N9ACWxPCPXMINcotDZG_m6RG5OqI900zgWhLh0Taa5c
				Content-Type=application/json
Cookies:		<none>
Multiparts:		<none>
Body:			<none>
? Role by ID retrieved: Super Admin
Request method:	POST
Request URI:	https://riviobackendspringboot-production.up.railway.app/api/roles
Proxy:			<none>
Request params:	<none>
Query params:	<none>
Form params:	<none>
Path params:	<none>
Headers:		Accept=application/json, application/javascript, text/javascript, text/json
				Authorization=Bearer eyJhbGciOiJIUzI1NiJ9.eyJzdWIiOiJhZG1pbkByaXZpby5jb20iLCJ1c2VySWQiOjEsInJvbGUiOiJTdXBlciBBZG1pbiIsInBlcm1pc3Npb25zIjpbIk1BTkFHRV9TWVNURU1fU0VUVElOR1MiLCJBRERfRU1QTE9ZRUUiLCJFRElUX0VNUExPWUVFIiwiQVBQUk9WRV9MRUFWRV9BTEwiLCJBUFBST1ZFX0xFQVZFX1RFQU0iLCJSVU5fUEFZUk9MTCIsIlZJRVdfQUxMX1BBWVNMSVBTIiwiRURJVF9BVFRFTkRBTkNFX0FMTCIsIlZJRVdfT1dOX1BST0ZJTEUiXSwiaWF0IjoxNzc4MzM4OTEwLCJleHAiOjE3Nzg0MjUzMTB9.N9ACWxPCPXMINcotDZG_m6RG5OqI900zgWhLh0Taa5c
				Content-Type=application/json
Cookies:		<none>
Multiparts:		<none>
Body:
{
    "name": "Automation QA Lead 1778338947301"
}
? Role created, ID: 10
Request method:	PUT
Request URI:	https://riviobackendspringboot-production.up.railway.app/api/roles/10
Proxy:			<none>
Request params:	<none>
Query params:	<none>
Form params:	<none>
Path params:	<none>
Headers:		Accept=application/json, application/javascript, text/javascript, text/json
				Authorization=Bearer eyJhbGciOiJIUzI1NiJ9.eyJzdWIiOiJhZG1pbkByaXZpby5jb20iLCJ1c2VySWQiOjEsInJvbGUiOiJTdXBlciBBZG1pbiIsInBlcm1pc3Npb25zIjpbIk1BTkFHRV9TWVNURU1fU0VUVElOR1MiLCJBRERfRU1QTE9ZRUUiLCJFRElUX0VNUExPWUVFIiwiQVBQUk9WRV9MRUFWRV9BTEwiLCJBUFBST1ZFX0xFQVZFX1RFQU0iLCJSVU5fUEFZUk9MTCIsIlZJRVdfQUxMX1BBWVNMSVBTIiwiRURJVF9BVFRFTkRBTkNFX0FMTCIsIlZJRVdfT1dOX1BST0ZJTEUiXSwiaWF0IjoxNzc4MzM4OTEwLCJleHAiOjE3Nzg0MjUzMTB9.N9ACWxPCPXMINcotDZG_m6RG5OqI900zgWhLh0Taa5c
				Content-Type=application/json
Cookies:		<none>
Multiparts:		<none>
Body:
{
    "name": "Automation QA Lead Updated 1778338947301"
}
? Role updated: 10
Request method:	GET
Request URI:	https://riviobackendspringboot-production.up.railway.app/api/roles/2/permissions
Proxy:			<none>
Request params:	<none>
Query params:	<none>
Form params:	<none>
Path params:	<none>
Headers:		Accept=application/json, application/javascript, text/javascript, text/json
				Authorization=Bearer eyJhbGciOiJIUzI1NiJ9.eyJzdWIiOiJhZG1pbkByaXZpby5jb20iLCJ1c2VySWQiOjEsInJvbGUiOiJTdXBlciBBZG1pbiIsInBlcm1pc3Npb25zIjpbIk1BTkFHRV9TWVNURU1fU0VUVElOR1MiLCJBRERfRU1QTE9ZRUUiLCJFRElUX0VNUExPWUVFIiwiQVBQUk9WRV9MRUFWRV9BTEwiLCJBUFBST1ZFX0xFQVZFX1RFQU0iLCJSVU5fUEFZUk9MTCIsIlZJRVdfQUxMX1BBWVNMSVBTIiwiRURJVF9BVFRFTkRBTkNFX0FMTCIsIlZJRVdfT1dOX1BST0ZJTEUiXSwiaWF0IjoxNzc4MzM4OTEwLCJleHAiOjE3Nzg0MjUzMTB9.N9ACWxPCPXMINcotDZG_m6RG5OqI900zgWhLh0Taa5c
				Content-Type=application/json
Cookies:		<none>
Multiparts:		<none>
Body:			<none>
? HR Manager permissions count: 5
Request method:	POST
Request URI:	https://riviobackendspringboot-production.up.railway.app/api/roles/10/permissions
Proxy:			<none>
Request params:	<none>
Query params:	<none>
Form params:	<none>
Path params:	<none>
Headers:		Accept=application/json, application/javascript, text/javascript, text/json
				Authorization=Bearer eyJhbGciOiJIUzI1NiJ9.eyJzdWIiOiJhZG1pbkByaXZpby5jb20iLCJ1c2VySWQiOjEsInJvbGUiOiJTdXBlciBBZG1pbiIsInBlcm1pc3Npb25zIjpbIk1BTkFHRV9TWVNURU1fU0VUVElOR1MiLCJBRERfRU1QTE9ZRUUiLCJFRElUX0VNUExPWUVFIiwiQVBQUk9WRV9MRUFWRV9BTEwiLCJBUFBST1ZFX0xFQVZFX1RFQU0iLCJSVU5fUEFZUk9MTCIsIlZJRVdfQUxMX1BBWVNMSVBTIiwiRURJVF9BVFRFTkRBTkNFX0FMTCIsIlZJRVdfT1dOX1BST0ZJTEUiXSwiaWF0IjoxNzc4MzM4OTEwLCJleHAiOjE3Nzg0MjUzMTB9.N9ACWxPCPXMINcotDZG_m6RG5OqI900zgWhLh0Taa5c
				Content-Type=application/json
Cookies:		<none>
Multiparts:		<none>
Body:
[
    2,
    5
]
? Permissions [2,5] bound to role: 10
Request method:	GET
Request URI:	https://riviobackendspringboot-production.up.railway.app/api/locations
Proxy:			<none>
Request params:	<none>
Query params:	<none>
Form params:	<none>
Path params:	<none>
Headers:		Accept=application/json, application/javascript, text/javascript, text/json
				Authorization=Bearer eyJhbGciOiJIUzI1NiJ9.eyJzdWIiOiJhZG1pbkByaXZpby5jb20iLCJ1c2VySWQiOjEsInJvbGUiOiJTdXBlciBBZG1pbiIsInBlcm1pc3Npb25zIjpbIk1BTkFHRV9TWVNURU1fU0VUVElOR1MiLCJBRERfRU1QTE9ZRUUiLCJFRElUX0VNUExPWUVFIiwiQVBQUk9WRV9MRUFWRV9BTEwiLCJBUFBST1ZFX0xFQVZFX1RFQU0iLCJSVU5fUEFZUk9MTCIsIlZJRVdfQUxMX1BBWVNMSVBTIiwiRURJVF9BVFRFTkRBTkNFX0FMTCIsIlZJRVdfT1dOX1BST0ZJTEUiXSwiaWF0IjoxNzc4MzM4OTEwLCJleHAiOjE3Nzg0MjUzMTB9.N9ACWxPCPXMINcotDZG_m6RG5OqI900zgWhLh0Taa5c
				Content-Type=application/json
Cookies:		<none>
Multiparts:		<none>
Body:			<none>
Request method:	POST
Request URI:	https://riviobackendspringboot-production.up.railway.app/api/locations
Proxy:			<none>
Request params:	<none>
Query params:	<none>
Form params:	<none>
Path params:	<none>
Headers:		Accept=application/json, application/javascript, text/javascript, text/json
				Authorization=Bearer eyJhbGciOiJIUzI1NiJ9.eyJzdWIiOiJhZG1pbkByaXZpby5jb20iLCJ1c2VySWQiOjEsInJvbGUiOiJTdXBlciBBZG1pbiIsInBlcm1pc3Npb25zIjpbIk1BTkFHRV9TWVNURU1fU0VUVElOR1MiLCJBRERfRU1QTE9ZRUUiLCJFRElUX0VNUExPWUVFIiwiQVBQUk9WRV9MRUFWRV9BTEwiLCJBUFBST1ZFX0xFQVZFX1RFQU0iLCJSVU5fUEFZUk9MTCIsIlZJRVdfQUxMX1BBWVNMSVBTIiwiRURJVF9BVFRFTkRBTkNFX0FMTCIsIlZJRVdfT1dOX1BST0ZJTEUiXSwiaWF0IjoxNzc4MzM4OTEwLCJleHAiOjE3Nzg0MjUzMTB9.N9ACWxPCPXMINcotDZG_m6RG5OqI900zgWhLh0Taa5c
				Content-Type=application/json
Cookies:		<none>
Multiparts:		<none>
Body:
{
    "timezone": "Asia/Kolkata",
    "name": "Chennai Office",
    "currencyCode": "INR"
}
? Location created, ID: 6
Request method:	PUT
Request URI:	https://riviobackendspringboot-production.up.railway.app/api/locations/6
Proxy:			<none>
Request params:	<none>
Query params:	<none>
Form params:	<none>
Path params:	<none>
Headers:		Accept=application/json, application/javascript, text/javascript, text/json
				Authorization=Bearer eyJhbGciOiJIUzI1NiJ9.eyJzdWIiOiJhZG1pbkByaXZpby5jb20iLCJ1c2VySWQiOjEsInJvbGUiOiJTdXBlciBBZG1pbiIsInBlcm1pc3Npb25zIjpbIk1BTkFHRV9TWVNURU1fU0VUVElOR1MiLCJBRERfRU1QTE9ZRUUiLCJFRElUX0VNUExPWUVFIiwiQVBQUk9WRV9MRUFWRV9BTEwiLCJBUFBST1ZFX0xFQVZFX1RFQU0iLCJSVU5fUEFZUk9MTCIsIlZJRVdfQUxMX1BBWVNMSVBTIiwiRURJVF9BVFRFTkRBTkNFX0FMTCIsIlZJRVdfT1dOX1BST0ZJTEUiXSwiaWF0IjoxNzc4MzM4OTEwLCJleHAiOjE3Nzg0MjUzMTB9.N9ACWxPCPXMINcotDZG_m6RG5OqI900zgWhLh0Taa5c
				Content-Type=application/json
Cookies:		<none>
Multiparts:		<none>
Body:
{
    "timezone": "Asia/Kolkata",
    "name": "Pune Office",
    "currencyCode": "INR"
}
? Location updated: 6
Request method:	GET
Request URI:	https://riviobackendspringboot-production.up.railway.app/api/departments
Proxy:			<none>
Request params:	<none>
Query params:	<none>
Form params:	<none>
Path params:	<none>
Headers:		Accept=application/json, application/javascript, text/javascript, text/json
				Authorization=Bearer eyJhbGciOiJIUzI1NiJ9.eyJzdWIiOiJhZG1pbkByaXZpby5jb20iLCJ1c2VySWQiOjEsInJvbGUiOiJTdXBlciBBZG1pbiIsInBlcm1pc3Npb25zIjpbIk1BTkFHRV9TWVNURU1fU0VUVElOR1MiLCJBRERfRU1QTE9ZRUUiLCJFRElUX0VNUExPWUVFIiwiQVBQUk9WRV9MRUFWRV9BTEwiLCJBUFBST1ZFX0xFQVZFX1RFQU0iLCJSVU5fUEFZUk9MTCIsIlZJRVdfQUxMX1BBWVNMSVBTIiwiRURJVF9BVFRFTkRBTkNFX0FMTCIsIlZJRVdfT1dOX1BST0ZJTEUiXSwiaWF0IjoxNzc4MzM4OTEwLCJleHAiOjE3Nzg0MjUzMTB9.N9ACWxPCPXMINcotDZG_m6RG5OqI900zgWhLh0Taa5c
				Content-Type=application/json
Cookies:		<none>
Multiparts:		<none>
Body:			<none>
? Departments: 5
Request method:	POST
Request URI:	https://riviobackendspringboot-production.up.railway.app/api/departments
Proxy:			<none>
Request params:	<none>
Query params:	<none>
Form params:	<none>
Path params:	<none>
Headers:		Accept=application/json, application/javascript, text/javascript, text/json
				Authorization=Bearer eyJhbGciOiJIUzI1NiJ9.eyJzdWIiOiJhZG1pbkByaXZpby5jb20iLCJ1c2VySWQiOjEsInJvbGUiOiJTdXBlciBBZG1pbiIsInBlcm1pc3Npb25zIjpbIk1BTkFHRV9TWVNURU1fU0VUVElOR1MiLCJBRERfRU1QTE9ZRUUiLCJFRElUX0VNUExPWUVFIiwiQVBQUk9WRV9MRUFWRV9BTEwiLCJBUFBST1ZFX0xFQVZFX1RFQU0iLCJSVU5fUEFZUk9MTCIsIlZJRVdfQUxMX1BBWVNMSVBTIiwiRURJVF9BVFRFTkRBTkNFX0FMTCIsIlZJRVdfT1dOX1BST0ZJTEUiXSwiaWF0IjoxNzc4MzM4OTEwLCJleHAiOjE3Nzg0MjUzMTB9.N9ACWxPCPXMINcotDZG_m6RG5OqI900zgWhLh0Taa5c
				Content-Type=application/json
Cookies:		<none>
Multiparts:		<none>
Body:
{
    "managerUserId": 1,
    "name": "Quality Assurance"
}
? Department created, ID: 8
Request method:	PUT
Request URI:	https://riviobackendspringboot-production.up.railway.app/api/departments/8
Proxy:			<none>
Request params:	<none>
Query params:	<none>
Form params:	<none>
Path params:	<none>
Headers:		Accept=application/json, application/javascript, text/javascript, text/json
				Authorization=Bearer eyJhbGciOiJIUzI1NiJ9.eyJzdWIiOiJhZG1pbkByaXZpby5jb20iLCJ1c2VySWQiOjEsInJvbGUiOiJTdXBlciBBZG1pbiIsInBlcm1pc3Npb25zIjpbIk1BTkFHRV9TWVNURU1fU0VUVElOR1MiLCJBRERfRU1QTE9ZRUUiLCJFRElUX0VNUExPWUVFIiwiQVBQUk9WRV9MRUFWRV9BTEwiLCJBUFBST1ZFX0xFQVZFX1RFQU0iLCJSVU5fUEFZUk9MTCIsIlZJRVdfQUxMX1BBWVNMSVBTIiwiRURJVF9BVFRFTkRBTkNFX0FMTCIsIlZJRVdfT1dOX1BST0ZJTEUiXSwiaWF0IjoxNzc4MzM4OTEwLCJleHAiOjE3Nzg0MjUzMTB9.N9ACWxPCPXMINcotDZG_m6RG5OqI900zgWhLh0Taa5c
				Content-Type=application/json
Cookies:		<none>
Multiparts:		<none>
Body:
{
    "managerUserId": 1,
    "name": "QA & Testing"
}
? Department updated: 8
Request method:	GET
Request URI:	https://riviobackendspringboot-production.up.railway.app/api/designations
Proxy:			<none>
Request params:	<none>
Query params:	<none>
Form params:	<none>
Path params:	<none>
Headers:		Accept=application/json, application/javascript, text/javascript, text/json
				Authorization=Bearer eyJhbGciOiJIUzI1NiJ9.eyJzdWIiOiJhZG1pbkByaXZpby5jb20iLCJ1c2VySWQiOjEsInJvbGUiOiJTdXBlciBBZG1pbiIsInBlcm1pc3Npb25zIjpbIk1BTkFHRV9TWVNURU1fU0VUVElOR1MiLCJBRERfRU1QTE9ZRUUiLCJFRElUX0VNUExPWUVFIiwiQVBQUk9WRV9MRUFWRV9BTEwiLCJBUFBST1ZFX0xFQVZFX1RFQU0iLCJSVU5fUEFZUk9MTCIsIlZJRVdfQUxMX1BBWVNMSVBTIiwiRURJVF9BVFRFTkRBTkNFX0FMTCIsIlZJRVdfT1dOX1BST0ZJTEUiXSwiaWF0IjoxNzc4MzM4OTEwLCJleHAiOjE3Nzg0MjUzMTB9.N9ACWxPCPXMINcotDZG_m6RG5OqI900zgWhLh0Taa5c
				Content-Type=application/json
Cookies:		<none>
Multiparts:		<none>
Body:			<none>
? Designations: 7
Request method:	GET
Request URI:	https://riviobackendspringboot-production.up.railway.app/api/designations?departmentId=1
Proxy:			<none>
Request params:	<none>
Query params:	departmentId=1
Form params:	<none>
Path params:	<none>
Headers:		Accept=application/json, application/javascript, text/javascript, text/json
				Authorization=Bearer eyJhbGciOiJIUzI1NiJ9.eyJzdWIiOiJhZG1pbkByaXZpby5jb20iLCJ1c2VySWQiOjEsInJvbGUiOiJTdXBlciBBZG1pbiIsInBlcm1pc3Npb25zIjpbIk1BTkFHRV9TWVNURU1fU0VUVElOR1MiLCJBRERfRU1QTE9ZRUUiLCJFRElUX0VNUExPWUVFIiwiQVBQUk9WRV9MRUFWRV9BTEwiLCJBUFBST1ZFX0xFQVZFX1RFQU0iLCJSVU5fUEFZUk9MTCIsIlZJRVdfQUxMX1BBWVNMSVBTIiwiRURJVF9BVFRFTkRBTkNFX0FMTCIsIlZJRVdfT1dOX1BST0ZJTEUiXSwiaWF0IjoxNzc4MzM4OTEwLCJleHAiOjE3Nzg0MjUzMTB9.N9ACWxPCPXMINcotDZG_m6RG5OqI900zgWhLh0Taa5c
				Content-Type=application/json
Cookies:		<none>
Multiparts:		<none>
Body:			<none>
Request method:	POST
Request URI:	https://riviobackendspringboot-production.up.railway.app/api/designations
Proxy:			<none>
Request params:	<none>
Query params:	<none>
Form params:	<none>
Path params:	<none>
Headers:		Accept=application/json, application/javascript, text/javascript, text/json
				Authorization=Bearer eyJhbGciOiJIUzI1NiJ9.eyJzdWIiOiJhZG1pbkByaXZpby5jb20iLCJ1c2VySWQiOjEsInJvbGUiOiJTdXBlciBBZG1pbiIsInBlcm1pc3Npb25zIjpbIk1BTkFHRV9TWVNURU1fU0VUVElOR1MiLCJBRERfRU1QTE9ZRUUiLCJFRElUX0VNUExPWUVFIiwiQVBQUk9WRV9MRUFWRV9BTEwiLCJBUFBST1ZFX0xFQVZFX1RFQU0iLCJSVU5fUEFZUk9MTCIsIlZJRVdfQUxMX1BBWVNMSVBTIiwiRURJVF9BVFRFTkRBTkNFX0FMTCIsIlZJRVdfT1dOX1BST0ZJTEUiXSwiaWF0IjoxNzc4MzM4OTEwLCJleHAiOjE3Nzg0MjUzMTB9.N9ACWxPCPXMINcotDZG_m6RG5OqI900zgWhLh0Taa5c
				Content-Type=application/json
Cookies:		<none>
Multiparts:		<none>
Body:
{
    "departmentId": 8,
    "title": "QA Automation Engineer"
}
? Designation created, ID: 10
Request method:	PUT
Request URI:	https://riviobackendspringboot-production.up.railway.app/api/designations/10
Proxy:			<none>
Request params:	<none>
Query params:	<none>
Form params:	<none>
Path params:	<none>
Headers:		Accept=application/json, application/javascript, text/javascript, text/json
				Authorization=Bearer eyJhbGciOiJIUzI1NiJ9.eyJzdWIiOiJhZG1pbkByaXZpby5jb20iLCJ1c2VySWQiOjEsInJvbGUiOiJTdXBlciBBZG1pbiIsInBlcm1pc3Npb25zIjpbIk1BTkFHRV9TWVNURU1fU0VUVElOR1MiLCJBRERfRU1QTE9ZRUUiLCJFRElUX0VNUExPWUVFIiwiQVBQUk9WRV9MRUFWRV9BTEwiLCJBUFBST1ZFX0xFQVZFX1RFQU0iLCJSVU5fUEFZUk9MTCIsIlZJRVdfQUxMX1BBWVNMSVBTIiwiRURJVF9BVFRFTkRBTkNFX0FMTCIsIlZJRVdfT1dOX1BST0ZJTEUiXSwiaWF0IjoxNzc4MzM4OTEwLCJleHAiOjE3Nzg0MjUzMTB9.N9ACWxPCPXMINcotDZG_m6RG5OqI900zgWhLh0Taa5c
				Content-Type=application/json
Cookies:		<none>
Multiparts:		<none>
Body:
{
    "departmentId": 8,
    "title": "Senior QA Automation Engineer"
}
? Designation updated: 10
Request method:	DELETE
Request URI:	https://riviobackendspringboot-production.up.railway.app/api/designations/10
Proxy:			<none>
Request params:	<none>
Query params:	<none>
Form params:	<none>
Path params:	<none>
Headers:		Accept=application/json, application/javascript, text/javascript, text/json
				Authorization=Bearer eyJhbGciOiJIUzI1NiJ9.eyJzdWIiOiJhZG1pbkByaXZpby5jb20iLCJ1c2VySWQiOjEsInJvbGUiOiJTdXBlciBBZG1pbiIsInBlcm1pc3Npb25zIjpbIk1BTkFHRV9TWVNURU1fU0VUVElOR1MiLCJBRERfRU1QTE9ZRUUiLCJFRElUX0VNUExPWUVFIiwiQVBQUk9WRV9MRUFWRV9BTEwiLCJBUFBST1ZFX0xFQVZFX1RFQU0iLCJSVU5fUEFZUk9MTCIsIlZJRVdfQUxMX1BBWVNMSVBTIiwiRURJVF9BVFRFTkRBTkNFX0FMTCIsIlZJRVdfT1dOX1BST0ZJTEUiXSwiaWF0IjoxNzc4MzM4OTEwLCJleHAiOjE3Nzg0MjUzMTB9.N9ACWxPCPXMINcotDZG_m6RG5OqI900zgWhLh0Taa5c
				Content-Type=application/json
Cookies:		<none>
Multiparts:		<none>
Body:			<none>
? Designation deleted
Request method:	DELETE
Request URI:	https://riviobackendspringboot-production.up.railway.app/api/departments/8
Proxy:			<none>
Request params:	<none>
Query params:	<none>
Form params:	<none>
Path params:	<none>
Headers:		Accept=application/json, application/javascript, text/javascript, text/json
				Authorization=Bearer eyJhbGciOiJIUzI1NiJ9.eyJzdWIiOiJhZG1pbkByaXZpby5jb20iLCJ1c2VySWQiOjEsInJvbGUiOiJTdXBlciBBZG1pbiIsInBlcm1pc3Npb25zIjpbIk1BTkFHRV9TWVNURU1fU0VUVElOR1MiLCJBRERfRU1QTE9ZRUUiLCJFRElUX0VNUExPWUVFIiwiQVBQUk9WRV9MRUFWRV9BTEwiLCJBUFBST1ZFX0xFQVZFX1RFQU0iLCJSVU5fUEFZUk9MTCIsIlZJRVdfQUxMX1BBWVNMSVBTIiwiRURJVF9BVFRFTkRBTkNFX0FMTCIsIlZJRVdfT1dOX1BST0ZJTEUiXSwiaWF0IjoxNzc4MzM4OTEwLCJleHAiOjE3Nzg0MjUzMTB9.N9ACWxPCPXMINcotDZG_m6RG5OqI900zgWhLh0Taa5c
				Content-Type=application/json
Cookies:		<none>
Multiparts:		<none>
Body:			<none>
? Department deleted
Request method:	DELETE
Request URI:	https://riviobackendspringboot-production.up.railway.app/api/locations/6
Proxy:			<none>
Request params:	<none>
Query params:	<none>
Form params:	<none>
Path params:	<none>
Headers:		Accept=application/json, application/javascript, text/javascript, text/json
				Authorization=Bearer eyJhbGciOiJIUzI1NiJ9.eyJzdWIiOiJhZG1pbkByaXZpby5jb20iLCJ1c2VySWQiOjEsInJvbGUiOiJTdXBlciBBZG1pbiIsInBlcm1pc3Npb25zIjpbIk1BTkFHRV9TWVNURU1fU0VUVElOR1MiLCJBRERfRU1QTE9ZRUUiLCJFRElUX0VNUExPWUVFIiwiQVBQUk9WRV9MRUFWRV9BTEwiLCJBUFBST1ZFX0xFQVZFX1RFQU0iLCJSVU5fUEFZUk9MTCIsIlZJRVdfQUxMX1BBWVNMSVBTIiwiRURJVF9BVFRFTkRBTkNFX0FMTCIsIlZJRVdfT1dOX1BST0ZJTEUiXSwiaWF0IjoxNzc4MzM4OTEwLCJleHAiOjE3Nzg0MjUzMTB9.N9ACWxPCPXMINcotDZG_m6RG5OqI900zgWhLh0Taa5c
				Content-Type=application/json
Cookies:		<none>
Multiparts:		<none>
Body:			<none>
? Location deleted
Request method:	GET
Request URI:	https://riviobackendspringboot-production.up.railway.app/api/employees/1
Proxy:			<none>
Request params:	<none>
Query params:	<none>
Form params:	<none>
Path params:	<none>
Headers:		Accept=application/json, application/javascript, text/javascript, text/json
				Authorization=Bearer eyJhbGciOiJIUzI1NiJ9.eyJzdWIiOiJhZG1pbkByaXZpby5jb20iLCJ1c2VySWQiOjEsInJvbGUiOiJTdXBlciBBZG1pbiIsInBlcm1pc3Npb25zIjpbIk1BTkFHRV9TWVNURU1fU0VUVElOR1MiLCJBRERfRU1QTE9ZRUUiLCJFRElUX0VNUExPWUVFIiwiQVBQUk9WRV9MRUFWRV9BTEwiLCJBUFBST1ZFX0xFQVZFX1RFQU0iLCJSVU5fUEFZUk9MTCIsIlZJRVdfQUxMX1BBWVNMSVBTIiwiRURJVF9BVFRFTkRBTkNFX0FMTCIsIlZJRVdfT1dOX1BST0ZJTEUiXSwiaWF0IjoxNzc4MzM4OTEwLCJleHAiOjE3Nzg0MjUzMTB9.N9ACWxPCPXMINcotDZG_m6RG5OqI900zgWhLh0Taa5c
				Content-Type=application/json
Cookies:		<none>
Multiparts:		<none>
Body:			<none>
Request method:	GET
Request URI:	https://riviobackendspringboot-production.up.railway.app/api/employees/2
Proxy:			<none>
Request params:	<none>
Query params:	<none>
Form params:	<none>
Path params:	<none>
Headers:		Accept=application/json, application/javascript, text/javascript, text/json
				Authorization=Bearer eyJhbGciOiJIUzI1NiJ9.eyJzdWIiOiJhZG1pbkByaXZpby5jb20iLCJ1c2VySWQiOjEsInJvbGUiOiJTdXBlciBBZG1pbiIsInBlcm1pc3Npb25zIjpbIk1BTkFHRV9TWVNURU1fU0VUVElOR1MiLCJBRERfRU1QTE9ZRUUiLCJFRElUX0VNUExPWUVFIiwiQVBQUk9WRV9MRUFWRV9BTEwiLCJBUFBST1ZFX0xFQVZFX1RFQU0iLCJSVU5fUEFZUk9MTCIsIlZJRVdfQUxMX1BBWVNMSVBTIiwiRURJVF9BVFRFTkRBTkNFX0FMTCIsIlZJRVdfT1dOX1BST0ZJTEUiXSwiaWF0IjoxNzc4MzM4OTEwLCJleHAiOjE3Nzg0MjUzMTB9.N9ACWxPCPXMINcotDZG_m6RG5OqI900zgWhLh0Taa5c
				Content-Type=application/json
Cookies:		<none>
Multiparts:		<none>
Body:			<none>
Request method:	GET
Request URI:	https://riviobackendspringboot-production.up.railway.app/api/employees?page=0&size=10
Proxy:			<none>
Request params:	<none>
Query params:	page=0
				size=10
Form params:	<none>
Path params:	<none>
Headers:		Accept=application/json, application/javascript, text/javascript, text/json
				Authorization=Bearer eyJhbGciOiJIUzI1NiJ9.eyJzdWIiOiJhZG1pbkByaXZpby5jb20iLCJ1c2VySWQiOjEsInJvbGUiOiJTdXBlciBBZG1pbiIsInBlcm1pc3Npb25zIjpbIk1BTkFHRV9TWVNURU1fU0VUVElOR1MiLCJBRERfRU1QTE9ZRUUiLCJFRElUX0VNUExPWUVFIiwiQVBQUk9WRV9MRUFWRV9BTEwiLCJBUFBST1ZFX0xFQVZFX1RFQU0iLCJSVU5fUEFZUk9MTCIsIlZJRVdfQUxMX1BBWVNMSVBTIiwiRURJVF9BVFRFTkRBTkNFX0FMTCIsIlZJRVdfT1dOX1BST0ZJTEUiXSwiaWF0IjoxNzc4MzM4OTEwLCJleHAiOjE3Nzg0MjUzMTB9.N9ACWxPCPXMINcotDZG_m6RG5OqI900zgWhLh0Taa5c
				Content-Type=application/json
Cookies:		<none>
Multiparts:		<none>
Body:			<none>
? Employee directory. Total: 11
Request method:	GET
Request URI:	https://riviobackendspringboot-production.up.railway.app/api/employees?search=John&page=0&size=10
Proxy:			<none>
Request params:	<none>
Query params:	search=John
				page=0
				size=10
Form params:	<none>
Path params:	<none>
Headers:		Accept=application/json, application/javascript, text/javascript, text/json
				Authorization=Bearer eyJhbGciOiJIUzI1NiJ9.eyJzdWIiOiJhZG1pbkByaXZpby5jb20iLCJ1c2VySWQiOjEsInJvbGUiOiJTdXBlciBBZG1pbiIsInBlcm1pc3Npb25zIjpbIk1BTkFHRV9TWVNURU1fU0VUVElOR1MiLCJBRERfRU1QTE9ZRUUiLCJFRElUX0VNUExPWUVFIiwiQVBQUk9WRV9MRUFWRV9BTEwiLCJBUFBST1ZFX0xFQVZFX1RFQU0iLCJSVU5fUEFZUk9MTCIsIlZJRVdfQUxMX1BBWVNMSVBTIiwiRURJVF9BVFRFTkRBTkNFX0FMTCIsIlZJRVdfT1dOX1BST0ZJTEUiXSwiaWF0IjoxNzc4MzM4OTEwLCJleHAiOjE3Nzg0MjUzMTB9.N9ACWxPCPXMINcotDZG_m6RG5OqI900zgWhLh0Taa5c
				Content-Type=application/json
Cookies:		<none>
Multiparts:		<none>
Body:			<none>
Request method:	GET
Request URI:	https://riviobackendspringboot-production.up.railway.app/api/employees/eligible-for-attendance?date=2026-05-09
Proxy:			<none>
Request params:	<none>
Query params:	date=2026-05-09
Form params:	<none>
Path params:	<none>
Headers:		Accept=application/json, application/javascript, text/javascript, text/json
				Authorization=Bearer eyJhbGciOiJIUzI1NiJ9.eyJzdWIiOiJhZG1pbkByaXZpby5jb20iLCJ1c2VySWQiOjEsInJvbGUiOiJTdXBlciBBZG1pbiIsInBlcm1pc3Npb25zIjpbIk1BTkFHRV9TWVNURU1fU0VUVElOR1MiLCJBRERfRU1QTE9ZRUUiLCJFRElUX0VNUExPWUVFIiwiQVBQUk9WRV9MRUFWRV9BTEwiLCJBUFBST1ZFX0xFQVZFX1RFQU0iLCJSVU5fUEFZUk9MTCIsIlZJRVdfQUxMX1BBWVNMSVBTIiwiRURJVF9BVFRFTkRBTkNFX0FMTCIsIlZJRVdfT1dOX1BST0ZJTEUiXSwiaWF0IjoxNzc4MzM4OTEwLCJleHAiOjE3Nzg0MjUzMTB9.N9ACWxPCPXMINcotDZG_m6RG5OqI900zgWhLh0Taa5c
				Content-Type=application/json
Cookies:		<none>
Multiparts:		<none>
Body:			<none>
? Eligible employees for attendance retrieved
Request method:	POST
Request URI:	https://riviobackendspringboot-production.up.railway.app/api/users
Proxy:			<none>
Request params:	<none>
Query params:	<none>
Form params:	<none>
Path params:	<none>
Headers:		Accept=application/json, application/javascript, text/javascript, text/json
				Authorization=Bearer eyJhbGciOiJIUzI1NiJ9.eyJzdWIiOiJhZG1pbkByaXZpby5jb20iLCJ1c2VySWQiOjEsInJvbGUiOiJTdXBlciBBZG1pbiIsInBlcm1pc3Npb25zIjpbIk1BTkFHRV9TWVNURU1fU0VUVElOR1MiLCJBRERfRU1QTE9ZRUUiLCJFRElUX0VNUExPWUVFIiwiQVBQUk9WRV9MRUFWRV9BTEwiLCJBUFBST1ZFX0xFQVZFX1RFQU0iLCJSVU5fUEFZUk9MTCIsIlZJRVdfQUxMX1BBWVNMSVBTIiwiRURJVF9BVFRFTkRBTkNFX0FMTCIsIlZJRVdfT1dOX1BST0ZJTEUiXSwiaWF0IjoxNzc4MzM4OTEwLCJleHAiOjE3Nzg0MjUzMTB9.N9ACWxPCPXMINcotDZG_m6RG5OqI900zgWhLh0Taa5c
				Content-Type=application/json
Cookies:		<none>
Multiparts:		<none>
Body:
{
    "password": "TestPass123!",
    "roleId": 4,
    "email": "emp_onboard_auto_1778339027653@rivio.com"
}
Request method:	POST
Request URI:	https://riviobackendspringboot-production.up.railway.app/api/employees
Proxy:			<none>
Request params:	<none>
Query params:	<none>
Form params:	<none>
Path params:	<none>
Headers:		Accept=application/json, application/javascript, text/javascript, text/json
				Authorization=Bearer eyJhbGciOiJIUzI1NiJ9.eyJzdWIiOiJhZG1pbkByaXZpby5jb20iLCJ1c2VySWQiOjEsInJvbGUiOiJTdXBlciBBZG1pbiIsInBlcm1pc3Npb25zIjpbIk1BTkFHRV9TWVNURU1fU0VUVElOR1MiLCJBRERfRU1QTE9ZRUUiLCJFRElUX0VNUExPWUVFIiwiQVBQUk9WRV9MRUFWRV9BTEwiLCJBUFBST1ZFX0xFQVZFX1RFQU0iLCJSVU5fUEFZUk9MTCIsIlZJRVdfQUxMX1BBWVNMSVBTIiwiRURJVF9BVFRFTkRBTkNFX0FMTCIsIlZJRVdfT1dOX1BST0ZJTEUiXSwiaWF0IjoxNzc4MzM4OTEwLCJleHAiOjE3Nzg0MjUzMTB9.N9ACWxPCPXMINcotDZG_m6RG5OqI900zgWhLh0Taa5c
				Content-Type=application/json
Cookies:		<none>
Multiparts:		<none>
Body:
{
    "firstName": "Auto",
    "lastName": "Employee",
    "employmentType": "FULL_TIME",
    "designationId": 2,
    "locationId": 1,
    "departmentId": 1,
    "joiningDate": "2026-05-09",
    "userId": 17,
    "reportsToProfileId": null,
    "employeeCode": "AUTO-1778339031750"
}
? Employee onboarded, ID: 12
Request method:	PUT
Request URI:	https://riviobackendspringboot-production.up.railway.app/api/employees/12/job-details
Proxy:			<none>
Request params:	<none>
Query params:	<none>
Form params:	<none>
Path params:	<none>
Headers:		Accept=application/json, application/javascript, text/javascript, text/json
				Authorization=Bearer eyJhbGciOiJIUzI1NiJ9.eyJzdWIiOiJhZG1pbkByaXZpby5jb20iLCJ1c2VySWQiOjEsInJvbGUiOiJTdXBlciBBZG1pbiIsInBlcm1pc3Npb25zIjpbIk1BTkFHRV9TWVNURU1fU0VUVElOR1MiLCJBRERfRU1QTE9ZRUUiLCJFRElUX0VNUExPWUVFIiwiQVBQUk9WRV9MRUFWRV9BTEwiLCJBUFBST1ZFX0xFQVZFX1RFQU0iLCJSVU5fUEFZUk9MTCIsIlZJRVdfQUxMX1BBWVNMSVBTIiwiRURJVF9BVFRFTkRBTkNFX0FMTCIsIlZJRVdfT1dOX1BST0ZJTEUiXSwiaWF0IjoxNzc4MzM4OTEwLCJleHAiOjE3Nzg0MjUzMTB9.N9ACWxPCPXMINcotDZG_m6RG5OqI900zgWhLh0Taa5c
				X-User-Id=1
				Content-Type=application/json
Cookies:		<none>
Multiparts:		<none>
Body:
{
    "designationId": 5,
    "locationId": 2,
    "departmentId": 3
}
? Job details updated (transferred to Sales)
Request method:	PATCH
Request URI:	https://riviobackendspringboot-production.up.railway.app/api/employees/12/basic-info
Proxy:			<none>
Request params:	<none>
Query params:	<none>
Form params:	<none>
Path params:	<none>
Headers:		Accept=application/json, application/javascript, text/javascript, text/json
				Authorization=Bearer eyJhbGciOiJIUzI1NiJ9.eyJzdWIiOiJhZG1pbkByaXZpby5jb20iLCJ1c2VySWQiOjEsInJvbGUiOiJTdXBlciBBZG1pbiIsInBlcm1pc3Npb25zIjpbIk1BTkFHRV9TWVNURU1fU0VUVElOR1MiLCJBRERfRU1QTE9ZRUUiLCJFRElUX0VNUExPWUVFIiwiQVBQUk9WRV9MRUFWRV9BTEwiLCJBUFBST1ZFX0xFQVZFX1RFQU0iLCJSVU5fUEFZUk9MTCIsIlZJRVdfQUxMX1BBWVNMSVBTIiwiRURJVF9BVFRFTkRBTkNFX0FMTCIsIlZJRVdfT1dOX1BST0ZJTEUiXSwiaWF0IjoxNzc4MzM4OTEwLCJleHAiOjE3Nzg0MjUzMTB9.N9ACWxPCPXMINcotDZG_m6RG5OqI900zgWhLh0Taa5c
				Content-Type=application/json
Cookies:		<none>
Multiparts:		<none>
Body:
{
    "bankAccount": "HDFC00099999",
    "phoneNo": "9998887776"
}
? Basic info updated
Request method:	GET
Request URI:	https://riviobackendspringboot-production.up.railway.app/api/leave-types
Proxy:			<none>
Request params:	<none>
Query params:	<none>
Form params:	<none>
Path params:	<none>
Headers:		Accept=application/json, application/javascript, text/javascript, text/json
				Authorization=Bearer eyJhbGciOiJIUzI1NiJ9.eyJzdWIiOiJhZG1pbkByaXZpby5jb20iLCJ1c2VySWQiOjEsInJvbGUiOiJTdXBlciBBZG1pbiIsInBlcm1pc3Npb25zIjpbIk1BTkFHRV9TWVNURU1fU0VUVElOR1MiLCJBRERfRU1QTE9ZRUUiLCJFRElUX0VNUExPWUVFIiwiQVBQUk9WRV9MRUFWRV9BTEwiLCJBUFBST1ZFX0xFQVZFX1RFQU0iLCJSVU5fUEFZUk9MTCIsIlZJRVdfQUxMX1BBWVNMSVBTIiwiRURJVF9BVFRFTkRBTkNFX0FMTCIsIlZJRVdfT1dOX1BST0ZJTEUiXSwiaWF0IjoxNzc4MzM4OTEwLCJleHAiOjE3Nzg0MjUzMTB9.N9ACWxPCPXMINcotDZG_m6RG5OqI900zgWhLh0Taa5c
				Content-Type=application/json
Cookies:		<none>
Multiparts:		<none>
Body:			<none>
? Leave types: 5
Request method:	POST
Request URI:	https://riviobackendspringboot-production.up.railway.app/api/leave-types
Proxy:			<none>
Request params:	<none>
Query params:	<none>
Form params:	<none>
Path params:	<none>
Headers:		Accept=application/json, application/javascript, text/javascript, text/json
				Authorization=Bearer eyJhbGciOiJIUzI1NiJ9.eyJzdWIiOiJhZG1pbkByaXZpby5jb20iLCJ1c2VySWQiOjEsInJvbGUiOiJTdXBlciBBZG1pbiIsInBlcm1pc3Npb25zIjpbIk1BTkFHRV9TWVNURU1fU0VUVElOR1MiLCJBRERfRU1QTE9ZRUUiLCJFRElUX0VNUExPWUVFIiwiQVBQUk9WRV9MRUFWRV9BTEwiLCJBUFBST1ZFX0xFQVZFX1RFQU0iLCJSVU5fUEFZUk9MTCIsIlZJRVdfQUxMX1BBWVNMSVBTIiwiRURJVF9BVFRFTkRBTkNFX0FMTCIsIlZJRVdfT1dOX1BST0ZJTEUiXSwiaWF0IjoxNzc4MzM4OTEwLCJleHAiOjE3Nzg0MjUzMTB9.N9ACWxPCPXMINcotDZG_m6RG5OqI900zgWhLh0Taa5c
				Content-Type=application/json
Cookies:		<none>
Multiparts:		<none>
Body:
{
    "yearlyAllotment": 5.0,
    "name": "Paternity Leave",
    "carryForwardLimit": 0.0
}
? Leave type created, ID: 6
Request method:	PUT
Request URI:	https://riviobackendspringboot-production.up.railway.app/api/leave-types/6
Proxy:			<none>
Request params:	<none>
Query params:	<none>
Form params:	<none>
Path params:	<none>
Headers:		Accept=application/json, application/javascript, text/javascript, text/json
				Authorization=Bearer eyJhbGciOiJIUzI1NiJ9.eyJzdWIiOiJhZG1pbkByaXZpby5jb20iLCJ1c2VySWQiOjEsInJvbGUiOiJTdXBlciBBZG1pbiIsInBlcm1pc3Npb25zIjpbIk1BTkFHRV9TWVNURU1fU0VUVElOR1MiLCJBRERfRU1QTE9ZRUUiLCJFRElUX0VNUExPWUVFIiwiQVBQUk9WRV9MRUFWRV9BTEwiLCJBUFBST1ZFX0xFQVZFX1RFQU0iLCJSVU5fUEFZUk9MTCIsIlZJRVdfQUxMX1BBWVNMSVBTIiwiRURJVF9BVFRFTkRBTkNFX0FMTCIsIlZJRVdfT1dOX1BST0ZJTEUiXSwiaWF0IjoxNzc4MzM4OTEwLCJleHAiOjE3Nzg0MjUzMTB9.N9ACWxPCPXMINcotDZG_m6RG5OqI900zgWhLh0Taa5c
				Content-Type=application/json
Cookies:		<none>
Multiparts:		<none>
Body:
{
    "yearlyAllotment": 7.0,
    "name": "Paternity Leave",
    "carryForwardLimit": 0.0
}
? Leave type updated to 7 days
Request method:	POST
Request URI:	https://riviobackendspringboot-production.up.railway.app/api/leave-balances/allocate
Proxy:			<none>
Request params:	<none>
Query params:	<none>
Form params:	<none>
Path params:	<none>
Headers:		Accept=application/json, application/javascript, text/javascript, text/json
				Authorization=Bearer eyJhbGciOiJIUzI1NiJ9.eyJzdWIiOiJhZG1pbkByaXZpby5jb20iLCJ1c2VySWQiOjEsInJvbGUiOiJTdXBlciBBZG1pbiIsInBlcm1pc3Npb25zIjpbIk1BTkFHRV9TWVNURU1fU0VUVElOR1MiLCJBRERfRU1QTE9ZRUUiLCJFRElUX0VNUExPWUVFIiwiQVBQUk9WRV9MRUFWRV9BTEwiLCJBUFBST1ZFX0xFQVZFX1RFQU0iLCJSVU5fUEFZUk9MTCIsIlZJRVdfQUxMX1BBWVNMSVBTIiwiRURJVF9BVFRFTkRBTkNFX0FMTCIsIlZJRVdfT1dOX1BST0ZJTEUiXSwiaWF0IjoxNzc4MzM4OTEwLCJleHAiOjE3Nzg0MjUzMTB9.N9ACWxPCPXMINcotDZG_m6RG5OqI900zgWhLh0Taa5c
				Content-Type=application/json
Cookies:		<none>
Multiparts:		<none>
Body:
{
    "year": 2026
}
? Balances allocated for 2026
Request method:	GET
Request URI:	https://riviobackendspringboot-production.up.railway.app/api/employees/3/leave-balances?year=2026
Proxy:			<none>
Request params:	<none>
Query params:	year=2026
Form params:	<none>
Path params:	<none>
Headers:		Accept=application/json, application/javascript, text/javascript, text/json
				Authorization=Bearer eyJhbGciOiJIUzI1NiJ9.eyJzdWIiOiJhZG1pbkByaXZpby5jb20iLCJ1c2VySWQiOjEsInJvbGUiOiJTdXBlciBBZG1pbiIsInBlcm1pc3Npb25zIjpbIk1BTkFHRV9TWVNURU1fU0VUVElOR1MiLCJBRERfRU1QTE9ZRUUiLCJFRElUX0VNUExPWUVFIiwiQVBQUk9WRV9MRUFWRV9BTEwiLCJBUFBST1ZFX0xFQVZFX1RFQU0iLCJSVU5fUEFZUk9MTCIsIlZJRVdfQUxMX1BBWVNMSVBTIiwiRURJVF9BVFRFTkRBTkNFX0FMTCIsIlZJRVdfT1dOX1BST0ZJTEUiXSwiaWF0IjoxNzc4MzM4OTEwLCJleHAiOjE3Nzg0MjUzMTB9.N9ACWxPCPXMINcotDZG_m6RG5OqI900zgWhLh0Taa5c
				Content-Type=application/json
Cookies:		<none>
Multiparts:		<none>
Body:			<none>
? Alice leave balances: 6 types
Request method:	GET
Request URI:	https://riviobackendspringboot-production.up.railway.app/api/employees/3/leave-requests
Proxy:			<none>
Request params:	<none>
Query params:	<none>
Form params:	<none>
Path params:	<none>
Headers:		Accept=application/json, application/javascript, text/javascript, text/json
				Authorization=Bearer eyJhbGciOiJIUzI1NiJ9.eyJzdWIiOiJhZG1pbkByaXZpby5jb20iLCJ1c2VySWQiOjEsInJvbGUiOiJTdXBlciBBZG1pbiIsInBlcm1pc3Npb25zIjpbIk1BTkFHRV9TWVNURU1fU0VUVElOR1MiLCJBRERfRU1QTE9ZRUUiLCJFRElUX0VNUExPWUVFIiwiQVBQUk9WRV9MRUFWRV9BTEwiLCJBUFBST1ZFX0xFQVZFX1RFQU0iLCJSVU5fUEFZUk9MTCIsIlZJRVdfQUxMX1BBWVNMSVBTIiwiRURJVF9BVFRFTkRBTkNFX0FMTCIsIlZJRVdfT1dOX1BST0ZJTEUiXSwiaWF0IjoxNzc4MzM4OTEwLCJleHAiOjE3Nzg0MjUzMTB9.N9ACWxPCPXMINcotDZG_m6RG5OqI900zgWhLh0Taa5c
				Content-Type=application/json
Cookies:		<none>
Multiparts:		<none>
Body:			<none>
Request method:	POST
Request URI:	https://riviobackendspringboot-production.up.railway.app/api/leave-requests
Proxy:			<none>
Request params:	<none>
Query params:	<none>
Form params:	<none>
Path params:	<none>
Headers:		Accept=application/json, application/javascript, text/javascript, text/json
				Authorization=Bearer eyJhbGciOiJIUzI1NiJ9.eyJzdWIiOiJhZG1pbkByaXZpby5jb20iLCJ1c2VySWQiOjEsInJvbGUiOiJTdXBlciBBZG1pbiIsInBlcm1pc3Npb25zIjpbIk1BTkFHRV9TWVNURU1fU0VUVElOR1MiLCJBRERfRU1QTE9ZRUUiLCJFRElUX0VNUExPWUVFIiwiQVBQUk9WRV9MRUFWRV9BTEwiLCJBUFBST1ZFX0xFQVZFX1RFQU0iLCJSVU5fUEFZUk9MTCIsIlZJRVdfQUxMX1BBWVNMSVBTIiwiRURJVF9BVFRFTkRBTkNFX0FMTCIsIlZJRVdfT1dOX1BST0ZJTEUiXSwiaWF0IjoxNzc4MzM4OTEwLCJleHAiOjE3Nzg0MjUzMTB9.N9ACWxPCPXMINcotDZG_m6RG5OqI900zgWhLh0Taa5c
				Content-Type=application/json
Cookies:		<none>
Multiparts:		<none>
Body:
{
    "daysRequested": 2.0,
    "endDate": "2026-05-24",
    "employeeProfileId": 1,
    "leaveTypeId": 1,
    "startDate": "2026-05-23"
}
? Leave request created, ID: 7
Request method:	PUT
Request URI:	https://riviobackendspringboot-production.up.railway.app/api/leave-status-updates/7
Proxy:			<none>
Request params:	<none>
Query params:	<none>
Form params:	<none>
Path params:	<none>
Headers:		Accept=application/json, application/javascript, text/javascript, text/json
				Authorization=Bearer eyJhbGciOiJIUzI1NiJ9.eyJzdWIiOiJhZG1pbkByaXZpby5jb20iLCJ1c2VySWQiOjEsInJvbGUiOiJTdXBlciBBZG1pbiIsInBlcm1pc3Npb25zIjpbIk1BTkFHRV9TWVNURU1fU0VUVElOR1MiLCJBRERfRU1QTE9ZRUUiLCJFRElUX0VNUExPWUVFIiwiQVBQUk9WRV9MRUFWRV9BTEwiLCJBUFBST1ZFX0xFQVZFX1RFQU0iLCJSVU5fUEFZUk9MTCIsIlZJRVdfQUxMX1BBWVNMSVBTIiwiRURJVF9BVFRFTkRBTkNFX0FMTCIsIlZJRVdfT1dOX1BST0ZJTEUiXSwiaWF0IjoxNzc4MzM4OTEwLCJleHAiOjE3Nzg0MjUzMTB9.N9ACWxPCPXMINcotDZG_m6RG5OqI900zgWhLh0Taa5c
				X-Manager-Id=1
				Content-Type=application/json
Cookies:		<none>
Multiparts:		<none>
Body:
{
    "status": "APPROVED"
}
? Leave approved, ID: 7
Request method:	POST
Request URI:	https://riviobackendspringboot-production.up.railway.app/api/leave-requests
Proxy:			<none>
Request params:	<none>
Query params:	<none>
Form params:	<none>
Path params:	<none>
Headers:		Accept=application/json, application/javascript, text/javascript, text/json
				Authorization=Bearer eyJhbGciOiJIUzI1NiJ9.eyJzdWIiOiJhZG1pbkByaXZpby5jb20iLCJ1c2VySWQiOjEsInJvbGUiOiJTdXBlciBBZG1pbiIsInBlcm1pc3Npb25zIjpbIk1BTkFHRV9TWVNURU1fU0VUVElOR1MiLCJBRERfRU1QTE9ZRUUiLCJFRElUX0VNUExPWUVFIiwiQVBQUk9WRV9MRUFWRV9BTEwiLCJBUFBST1ZFX0xFQVZFX1RFQU0iLCJSVU5fUEFZUk9MTCIsIlZJRVdfQUxMX1BBWVNMSVBTIiwiRURJVF9BVFRFTkRBTkNFX0FMTCIsIlZJRVdfT1dOX1BST0ZJTEUiXSwiaWF0IjoxNzc4MzM4OTEwLCJleHAiOjE3Nzg0MjUzMTB9.N9ACWxPCPXMINcotDZG_m6RG5OqI900zgWhLh0Taa5c
				Content-Type=application/json
Cookies:		<none>
Multiparts:		<none>
Body:
{
    "daysRequested": 1.0,
    "endDate": "2026-06-08",
    "employeeProfileId": 1,
    "leaveTypeId": 2,
    "startDate": "2026-06-08"
}
Request method:	DELETE
Request URI:	https://riviobackendspringboot-production.up.railway.app/api/leave-requests/8
Proxy:			<none>
Request params:	<none>
Query params:	<none>
Form params:	<none>
Path params:	<none>
Headers:		Accept=application/json, application/javascript, text/javascript, text/json
				Authorization=Bearer eyJhbGciOiJIUzI1NiJ9.eyJzdWIiOiJhZG1pbkByaXZpby5jb20iLCJ1c2VySWQiOjEsInJvbGUiOiJTdXBlciBBZG1pbiIsInBlcm1pc3Npb25zIjpbIk1BTkFHRV9TWVNURU1fU0VUVElOR1MiLCJBRERfRU1QTE9ZRUUiLCJFRElUX0VNUExPWUVFIiwiQVBQUk9WRV9MRUFWRV9BTEwiLCJBUFBST1ZFX0xFQVZFX1RFQU0iLCJSVU5fUEFZUk9MTCIsIlZJRVdfQUxMX1BBWVNMSVBTIiwiRURJVF9BVFRFTkRBTkNFX0FMTCIsIlZJRVdfT1dOX1BST0ZJTEUiXSwiaWF0IjoxNzc4MzM4OTEwLCJleHAiOjE3Nzg0MjUzMTB9.N9ACWxPCPXMINcotDZG_m6RG5OqI900zgWhLh0Taa5c
				Content-Type=application/json
Cookies:		<none>
Multiparts:		<none>
Body:			<none>
? Leave withdrawn, ID: 8
Request method:	DELETE
Request URI:	https://riviobackendspringboot-production.up.railway.app/api/leave-types/6
Proxy:			<none>
Request params:	<none>
Query params:	<none>
Form params:	<none>
Path params:	<none>
Headers:		Accept=application/json, application/javascript, text/javascript, text/json
				Authorization=Bearer eyJhbGciOiJIUzI1NiJ9.eyJzdWIiOiJhZG1pbkByaXZpby5jb20iLCJ1c2VySWQiOjEsInJvbGUiOiJTdXBlciBBZG1pbiIsInBlcm1pc3Npb25zIjpbIk1BTkFHRV9TWVNURU1fU0VUVElOR1MiLCJBRERfRU1QTE9ZRUUiLCJFRElUX0VNUExPWUVFIiwiQVBQUk9WRV9MRUFWRV9BTEwiLCJBUFBST1ZFX0xFQVZFX1RFQU0iLCJSVU5fUEFZUk9MTCIsIlZJRVdfQUxMX1BBWVNMSVBTIiwiRURJVF9BVFRFTkRBTkNFX0FMTCIsIlZJRVdfT1dOX1BST0ZJTEUiXSwiaWF0IjoxNzc4MzM4OTEwLCJleHAiOjE3Nzg0MjUzMTB9.N9ACWxPCPXMINcotDZG_m6RG5OqI900zgWhLh0Taa5c
				Content-Type=application/json
Cookies:		<none>
Multiparts:		<none>
Body:			<none>
?? Delete blocked by referential integrity (expected): {"success":false,"message":"An unexpected error occurred: Cannot delete Leave Type: Employees currently have active balances or historical requests under this type.","timestamp":"2026-05-09T15:04:54.899903324"}
Request method:	GET
Request URI:	https://riviobackendspringboot-production.up.railway.app/api/attendance?date=2026-01-02
Proxy:			<none>
Request params:	<none>
Query params:	date=2026-01-02
Form params:	<none>
Path params:	<none>
Headers:		Accept=application/json, application/javascript, text/javascript, text/json
				Authorization=Bearer eyJhbGciOiJIUzI1NiJ9.eyJzdWIiOiJhZG1pbkByaXZpby5jb20iLCJ1c2VySWQiOjEsInJvbGUiOiJTdXBlciBBZG1pbiIsInBlcm1pc3Npb25zIjpbIk1BTkFHRV9TWVNURU1fU0VUVElOR1MiLCJBRERfRU1QTE9ZRUUiLCJFRElUX0VNUExPWUVFIiwiQVBQUk9WRV9MRUFWRV9BTEwiLCJBUFBST1ZFX0xFQVZFX1RFQU0iLCJSVU5fUEFZUk9MTCIsIlZJRVdfQUxMX1BBWVNMSVBTIiwiRURJVF9BVFRFTkRBTkNFX0FMTCIsIlZJRVdfT1dOX1BST0ZJTEUiXSwiaWF0IjoxNzc4MzM4OTEwLCJleHAiOjE3Nzg0MjUzMTB9.N9ACWxPCPXMINcotDZG_m6RG5OqI900zgWhLh0Taa5c
				Content-Type=application/json
Cookies:		<none>
Multiparts:		<none>
Body:			<none>
? Attendance for 2026-01-02: 5 records
Request method:	GET
Request URI:	https://riviobackendspringboot-production.up.railway.app/api/attendance?date=2026-05-09
Proxy:			<none>
Request params:	<none>
Query params:	date=2026-05-09
Form params:	<none>
Path params:	<none>
Headers:		Accept=application/json, application/javascript, text/javascript, text/json
				Authorization=Bearer eyJhbGciOiJIUzI1NiJ9.eyJzdWIiOiJhZG1pbkByaXZpby5jb20iLCJ1c2VySWQiOjEsInJvbGUiOiJTdXBlciBBZG1pbiIsInBlcm1pc3Npb25zIjpbIk1BTkFHRV9TWVNURU1fU0VUVElOR1MiLCJBRERfRU1QTE9ZRUUiLCJFRElUX0VNUExPWUVFIiwiQVBQUk9WRV9MRUFWRV9BTEwiLCJBUFBST1ZFX0xFQVZFX1RFQU0iLCJSVU5fUEFZUk9MTCIsIlZJRVdfQUxMX1BBWVNMSVBTIiwiRURJVF9BVFRFTkRBTkNFX0FMTCIsIlZJRVdfT1dOX1BST0ZJTEUiXSwiaWF0IjoxNzc4MzM4OTEwLCJleHAiOjE3Nzg0MjUzMTB9.N9ACWxPCPXMINcotDZG_m6RG5OqI900zgWhLh0Taa5c
				Content-Type=application/json
Cookies:		<none>
Multiparts:		<none>
Body:			<none>
? Today's attendance fetched. Records: 1
Request method:	GET
Request URI:	https://riviobackendspringboot-production.up.railway.app/api/attendance/employee/1/history?startDate=2026-01-01&endDate=2026-01-31
Proxy:			<none>
Request params:	<none>
Query params:	startDate=2026-01-01
				endDate=2026-01-31
Form params:	<none>
Path params:	<none>
Headers:		Accept=application/json, application/javascript, text/javascript, text/json
				Authorization=Bearer eyJhbGciOiJIUzI1NiJ9.eyJzdWIiOiJhZG1pbkByaXZpby5jb20iLCJ1c2VySWQiOjEsInJvbGUiOiJTdXBlciBBZG1pbiIsInBlcm1pc3Npb25zIjpbIk1BTkFHRV9TWVNURU1fU0VUVElOR1MiLCJBRERfRU1QTE9ZRUUiLCJFRElUX0VNUExPWUVFIiwiQVBQUk9WRV9MRUFWRV9BTEwiLCJBUFBST1ZFX0xFQVZFX1RFQU0iLCJSVU5fUEFZUk9MTCIsIlZJRVdfQUxMX1BBWVNMSVBTIiwiRURJVF9BVFRFTkRBTkNFX0FMTCIsIlZJRVdfT1dOX1BST0ZJTEUiXSwiaWF0IjoxNzc4MzM4OTEwLCJleHAiOjE3Nzg0MjUzMTB9.N9ACWxPCPXMINcotDZG_m6RG5OqI900zgWhLh0Taa5c
				Content-Type=application/json
Cookies:		<none>
Multiparts:		<none>
Body:			<none>
? John Doe Jan 2026 history: 22 records
Request method:	POST
Request URI:	https://riviobackendspringboot-production.up.railway.app/api/attendance
Proxy:			<none>
Request params:	<none>
Query params:	<none>
Form params:	<none>
Path params:	<none>
Headers:		Accept=application/json, application/javascript, text/javascript, text/json
				Authorization=Bearer eyJhbGciOiJIUzI1NiJ9.eyJzdWIiOiJhZG1pbkByaXZpby5jb20iLCJ1c2VySWQiOjEsInJvbGUiOiJTdXBlciBBZG1pbiIsInBlcm1pc3Npb25zIjpbIk1BTkFHRV9TWVNURU1fU0VUVElOR1MiLCJBRERfRU1QTE9ZRUUiLCJFRElUX0VNUExPWUVFIiwiQVBQUk9WRV9MRUFWRV9BTEwiLCJBUFBST1ZFX0xFQVZFX1RFQU0iLCJSVU5fUEFZUk9MTCIsIlZJRVdfQUxMX1BBWVNMSVBTIiwiRURJVF9BVFRFTkRBTkNFX0FMTCIsIlZJRVdfT1dOX1BST0ZJTEUiXSwiaWF0IjoxNzc4MzM4OTEwLCJleHAiOjE3Nzg0MjUzMTB9.N9ACWxPCPXMINcotDZG_m6RG5OqI900zgWhLh0Taa5c
				X-User-Id=1
				Content-Type=application/json
Cookies:		<none>
Multiparts:		<none>
Body:
{
    "date": "2026-05-09",
    "punchOut": null,
    "employeeProfileId": 1,
    "punchIn": "2026-05-09T09:00:00"
}
?? Already punched in today � skipping punch-out (HTTP 400)
?? No new attendance ID � skipping punch-out
Request method:	GET
Request URI:	https://riviobackendspringboot-production.up.railway.app/api/attendance/upload/template
Proxy:			<none>
Request params:	<none>
Query params:	<none>
Form params:	<none>
Path params:	<none>
Headers:		Accept=application/json, application/javascript, text/javascript, text/json
				Authorization=Bearer eyJhbGciOiJIUzI1NiJ9.eyJzdWIiOiJhZG1pbkByaXZpby5jb20iLCJ1c2VySWQiOjEsInJvbGUiOiJTdXBlciBBZG1pbiIsInBlcm1pc3Npb25zIjpbIk1BTkFHRV9TWVNURU1fU0VUVElOR1MiLCJBRERfRU1QTE9ZRUUiLCJFRElUX0VNUExPWUVFIiwiQVBQUk9WRV9MRUFWRV9BTEwiLCJBUFBST1ZFX0xFQVZFX1RFQU0iLCJSVU5fUEFZUk9MTCIsIlZJRVdfQUxMX1BBWVNMSVBTIiwiRURJVF9BVFRFTkRBTkNFX0FMTCIsIlZJRVdfT1dOX1BST0ZJTEUiXSwiaWF0IjoxNzc4MzM4OTEwLCJleHAiOjE3Nzg0MjUzMTB9.N9ACWxPCPXMINcotDZG_m6RG5OqI900zgWhLh0Taa5c
				Content-Type=application/json
Cookies:		<none>
Multiparts:		<none>
Body:			<none>
? CSV template endpoint responded: 200
Request method:	GET
Request URI:	https://riviobackendspringboot-production.up.railway.app/api/work-days
Proxy:			<none>
Request params:	<none>
Query params:	<none>
Form params:	<none>
Path params:	<none>
Headers:		Accept=application/json, application/javascript, text/javascript, text/json
				Authorization=Bearer eyJhbGciOiJIUzI1NiJ9.eyJzdWIiOiJhZG1pbkByaXZpby5jb20iLCJ1c2VySWQiOjEsInJvbGUiOiJTdXBlciBBZG1pbiIsInBlcm1pc3Npb25zIjpbIk1BTkFHRV9TWVNURU1fU0VUVElOR1MiLCJBRERfRU1QTE9ZRUUiLCJFRElUX0VNUExPWUVFIiwiQVBQUk9WRV9MRUFWRV9BTEwiLCJBUFBST1ZFX0xFQVZFX1RFQU0iLCJSVU5fUEFZUk9MTCIsIlZJRVdfQUxMX1BBWVNMSVBTIiwiRURJVF9BVFRFTkRBTkNFX0FMTCIsIlZJRVdfT1dOX1BST0ZJTEUiXSwiaWF0IjoxNzc4MzM4OTEwLCJleHAiOjE3Nzg0MjUzMTB9.N9ACWxPCPXMINcotDZG_m6RG5OqI900zgWhLh0Taa5c
				Content-Type=application/json
Cookies:		<none>
Multiparts:		<none>
Body:			<none>
? Work days verified: 5 working, 2 off
Request method:	PUT
Request URI:	https://riviobackendspringboot-production.up.railway.app/api/work-days/6
Proxy:			<none>
Request params:	<none>
Query params:	<none>
Form params:	<none>
Path params:	<none>
Headers:		Accept=application/json, application/javascript, text/javascript, text/json
				Authorization=Bearer eyJhbGciOiJIUzI1NiJ9.eyJzdWIiOiJhZG1pbkByaXZpby5jb20iLCJ1c2VySWQiOjEsInJvbGUiOiJTdXBlciBBZG1pbiIsInBlcm1pc3Npb25zIjpbIk1BTkFHRV9TWVNURU1fU0VUVElOR1MiLCJBRERfRU1QTE9ZRUUiLCJFRElUX0VNUExPWUVFIiwiQVBQUk9WRV9MRUFWRV9BTEwiLCJBUFBST1ZFX0xFQVZFX1RFQU0iLCJSVU5fUEFZUk9MTCIsIlZJRVdfQUxMX1BBWVNMSVBTIiwiRURJVF9BVFRFTkRBTkNFX0FMTCIsIlZJRVdfT1dOX1BST0ZJTEUiXSwiaWF0IjoxNzc4MzM4OTEwLCJleHAiOjE3Nzg0MjUzMTB9.N9ACWxPCPXMINcotDZG_m6RG5OqI900zgWhLh0Taa5c
				Content-Type=application/json
Cookies:		<none>
Multiparts:		<none>
Body:
{
    "isWorkingDay": true
}
Request method:	PUT
Request URI:	https://riviobackendspringboot-production.up.railway.app/api/work-days/6
Proxy:			<none>
Request params:	<none>
Query params:	<none>
Form params:	<none>
Path params:	<none>
Headers:		Accept=application/json, application/javascript, text/javascript, text/json
				Authorization=Bearer eyJhbGciOiJIUzI1NiJ9.eyJzdWIiOiJhZG1pbkByaXZpby5jb20iLCJ1c2VySWQiOjEsInJvbGUiOiJTdXBlciBBZG1pbiIsInBlcm1pc3Npb25zIjpbIk1BTkFHRV9TWVNURU1fU0VUVElOR1MiLCJBRERfRU1QTE9ZRUUiLCJFRElUX0VNUExPWUVFIiwiQVBQUk9WRV9MRUFWRV9BTEwiLCJBUFBST1ZFX0xFQVZFX1RFQU0iLCJSVU5fUEFZUk9MTCIsIlZJRVdfQUxMX1BBWVNMSVBTIiwiRURJVF9BVFRFTkRBTkNFX0FMTCIsIlZJRVdfT1dOX1BST0ZJTEUiXSwiaWF0IjoxNzc4MzM4OTEwLCJleHAiOjE3Nzg0MjUzMTB9.N9ACWxPCPXMINcotDZG_m6RG5OqI900zgWhLh0Taa5c
				Content-Type=application/json
Cookies:		<none>
Multiparts:		<none>
Body:
{
    "isWorkingDay": false
}
? Saturday toggled working ? reverted back to off
Request method:	GET
Request URI:	https://riviobackendspringboot-production.up.railway.app/api/holidays
Proxy:			<none>
Request params:	<none>
Query params:	<none>
Form params:	<none>
Path params:	<none>
Headers:		Accept=application/json, application/javascript, text/javascript, text/json
				Authorization=Bearer eyJhbGciOiJIUzI1NiJ9.eyJzdWIiOiJhZG1pbkByaXZpby5jb20iLCJ1c2VySWQiOjEsInJvbGUiOiJTdXBlciBBZG1pbiIsInBlcm1pc3Npb25zIjpbIk1BTkFHRV9TWVNURU1fU0VUVElOR1MiLCJBRERfRU1QTE9ZRUUiLCJFRElUX0VNUExPWUVFIiwiQVBQUk9WRV9MRUFWRV9BTEwiLCJBUFBST1ZFX0xFQVZFX1RFQU0iLCJSVU5fUEFZUk9MTCIsIlZJRVdfQUxMX1BBWVNMSVBTIiwiRURJVF9BVFRFTkRBTkNFX0FMTCIsIlZJRVdfT1dOX1BST0ZJTEUiXSwiaWF0IjoxNzc4MzM4OTEwLCJleHAiOjE3Nzg0MjUzMTB9.N9ACWxPCPXMINcotDZG_m6RG5OqI900zgWhLh0Taa5c
				Content-Type=application/json
Cookies:		<none>
Multiparts:		<none>
Body:			<none>
Request method:	POST
Request URI:	https://riviobackendspringboot-production.up.railway.app/api/holidays
Proxy:			<none>
Request params:	<none>
Query params:	<none>
Form params:	<none>
Path params:	<none>
Headers:		Accept=application/json, application/javascript, text/javascript, text/json
				Authorization=Bearer eyJhbGciOiJIUzI1NiJ9.eyJzdWIiOiJhZG1pbkByaXZpby5jb20iLCJ1c2VySWQiOjEsInJvbGUiOiJTdXBlciBBZG1pbiIsInBlcm1pc3Npb25zIjpbIk1BTkFHRV9TWVNURU1fU0VUVElOR1MiLCJBRERfRU1QTE9ZRUUiLCJFRElUX0VNUExPWUVFIiwiQVBQUk9WRV9MRUFWRV9BTEwiLCJBUFBST1ZFX0xFQVZFX1RFQU0iLCJSVU5fUEFZUk9MTCIsIlZJRVdfQUxMX1BBWVNMSVBTIiwiRURJVF9BVFRFTkRBTkNFX0FMTCIsIlZJRVdfT1dOX1BST0ZJTEUiXSwiaWF0IjoxNzc4MzM4OTEwLCJleHAiOjE3Nzg0MjUzMTB9.N9ACWxPCPXMINcotDZG_m6RG5OqI900zgWhLh0Taa5c
				Content-Type=application/json
Cookies:		<none>
Multiparts:		<none>
Body:
{
    "date": "2026-08-15",
    "name": "Independence Day"
}
? Holiday created, ID: 8
Request method:	DELETE
Request URI:	https://riviobackendspringboot-production.up.railway.app/api/holidays/8
Proxy:			<none>
Request params:	<none>
Query params:	<none>
Form params:	<none>
Path params:	<none>
Headers:		Accept=application/json, application/javascript, text/javascript, text/json
				Authorization=Bearer eyJhbGciOiJIUzI1NiJ9.eyJzdWIiOiJhZG1pbkByaXZpby5jb20iLCJ1c2VySWQiOjEsInJvbGUiOiJTdXBlciBBZG1pbiIsInBlcm1pc3Npb25zIjpbIk1BTkFHRV9TWVNURU1fU0VUVElOR1MiLCJBRERfRU1QTE9ZRUUiLCJFRElUX0VNUExPWUVFIiwiQVBQUk9WRV9MRUFWRV9BTEwiLCJBUFBST1ZFX0xFQVZFX1RFQU0iLCJSVU5fUEFZUk9MTCIsIlZJRVdfQUxMX1BBWVNMSVBTIiwiRURJVF9BVFRFTkRBTkNFX0FMTCIsIlZJRVdfT1dOX1BST0ZJTEUiXSwiaWF0IjoxNzc4MzM4OTEwLCJleHAiOjE3Nzg0MjUzMTB9.N9ACWxPCPXMINcotDZG_m6RG5OqI900zgWhLh0Taa5c
				Content-Type=application/json
Cookies:		<none>
Multiparts:		<none>
Body:			<none>
? Holiday deleted
Request method:	GET
Request URI:	https://riviobackendspringboot-production.up.railway.app/api/job-openings
Proxy:			<none>
Request params:	<none>
Query params:	<none>
Form params:	<none>
Path params:	<none>
Headers:		Accept=application/json, application/javascript, text/javascript, text/json
				Authorization=Bearer eyJhbGciOiJIUzI1NiJ9.eyJzdWIiOiJhZG1pbkByaXZpby5jb20iLCJ1c2VySWQiOjEsInJvbGUiOiJTdXBlciBBZG1pbiIsInBlcm1pc3Npb25zIjpbIk1BTkFHRV9TWVNURU1fU0VUVElOR1MiLCJBRERfRU1QTE9ZRUUiLCJFRElUX0VNUExPWUVFIiwiQVBQUk9WRV9MRUFWRV9BTEwiLCJBUFBST1ZFX0xFQVZFX1RFQU0iLCJSVU5fUEFZUk9MTCIsIlZJRVdfQUxMX1BBWVNMSVBTIiwiRURJVF9BVFRFTkRBTkNFX0FMTCIsIlZJRVdfT1dOX1BST0ZJTEUiXSwiaWF0IjoxNzc4MzM4OTEwLCJleHAiOjE3Nzg0MjUzMTB9.N9ACWxPCPXMINcotDZG_m6RG5OqI900zgWhLh0Taa5c
				Content-Type=application/json
Cookies:		<none>
Multiparts:		<none>
Body:			<none>
Request method:	GET
Request URI:	https://riviobackendspringboot-production.up.railway.app/api/job-openings/1
Proxy:			<none>
Request params:	<none>
Query params:	<none>
Form params:	<none>
Path params:	<none>
Headers:		Accept=application/json, application/javascript, text/javascript, text/json
				Authorization=Bearer eyJhbGciOiJIUzI1NiJ9.eyJzdWIiOiJhZG1pbkByaXZpby5jb20iLCJ1c2VySWQiOjEsInJvbGUiOiJTdXBlciBBZG1pbiIsInBlcm1pc3Npb25zIjpbIk1BTkFHRV9TWVNURU1fU0VUVElOR1MiLCJBRERfRU1QTE9ZRUUiLCJFRElUX0VNUExPWUVFIiwiQVBQUk9WRV9MRUFWRV9BTEwiLCJBUFBST1ZFX0xFQVZFX1RFQU0iLCJSVU5fUEFZUk9MTCIsIlZJRVdfQUxMX1BBWVNMSVBTIiwiRURJVF9BVFRFTkRBTkNFX0FMTCIsIlZJRVdfT1dOX1BST0ZJTEUiXSwiaWF0IjoxNzc4MzM4OTEwLCJleHAiOjE3Nzg0MjUzMTB9.N9ACWxPCPXMINcotDZG_m6RG5OqI900zgWhLh0Taa5c
				Content-Type=application/json
Cookies:		<none>
Multiparts:		<none>
Body:			<none>
Request method:	POST
Request URI:	https://riviobackendspringboot-production.up.railway.app/api/job-openings
Proxy:			<none>
Request params:	<none>
Query params:	<none>
Form params:	<none>
Path params:	<none>
Headers:		Accept=application/json, application/javascript, text/javascript, text/json
				Authorization=Bearer eyJhbGciOiJIUzI1NiJ9.eyJzdWIiOiJhZG1pbkByaXZpby5jb20iLCJ1c2VySWQiOjEsInJvbGUiOiJTdXBlciBBZG1pbiIsInBlcm1pc3Npb25zIjpbIk1BTkFHRV9TWVNURU1fU0VUVElOR1MiLCJBRERfRU1QTE9ZRUUiLCJFRElUX0VNUExPWUVFIiwiQVBQUk9WRV9MRUFWRV9BTEwiLCJBUFBST1ZFX0xFQVZFX1RFQU0iLCJSVU5fUEFZUk9MTCIsIlZJRVdfQUxMX1BBWVNMSVBTIiwiRURJVF9BVFRFTkRBTkNFX0FMTCIsIlZJRVdfT1dOX1BST0ZJTEUiXSwiaWF0IjoxNzc4MzM4OTEwLCJleHAiOjE3Nzg0MjUzMTB9.N9ACWxPCPXMINcotDZG_m6RG5OqI900zgWhLh0Taa5c
				Content-Type=application/json
Cookies:		<none>
Multiparts:		<none>
Body:
{
    "locationId": 1,
    "departmentId": 1,
    "title": "QA Automation Engineer"
}
? Job opening created, ID: 7
Request method:	GET
Request URI:	https://riviobackendspringboot-production.up.railway.app/api/job-openings/1/candidates
Proxy:			<none>
Request params:	<none>
Query params:	<none>
Form params:	<none>
Path params:	<none>
Headers:		Accept=application/json, application/javascript, text/javascript, text/json
				Authorization=Bearer eyJhbGciOiJIUzI1NiJ9.eyJzdWIiOiJhZG1pbkByaXZpby5jb20iLCJ1c2VySWQiOjEsInJvbGUiOiJTdXBlciBBZG1pbiIsInBlcm1pc3Npb25zIjpbIk1BTkFHRV9TWVNURU1fU0VUVElOR1MiLCJBRERfRU1QTE9ZRUUiLCJFRElUX0VNUExPWUVFIiwiQVBQUk9WRV9MRUFWRV9BTEwiLCJBUFBST1ZFX0xFQVZFX1RFQU0iLCJSVU5fUEFZUk9MTCIsIlZJRVdfQUxMX1BBWVNMSVBTIiwiRURJVF9BVFRFTkRBTkNFX0FMTCIsIlZJRVdfT1dOX1BST0ZJTEUiXSwiaWF0IjoxNzc4MzM4OTEwLCJleHAiOjE3Nzg0MjUzMTB9.N9ACWxPCPXMINcotDZG_m6RG5OqI900zgWhLh0Taa5c
				Content-Type=application/json
Cookies:		<none>
Multiparts:		<none>
Body:			<none>
Request method:	GET
Request URI:	https://riviobackendspringboot-production.up.railway.app/api/candidates/1
Proxy:			<none>
Request params:	<none>
Query params:	<none>
Form params:	<none>
Path params:	<none>
Headers:		Accept=application/json, application/javascript, text/javascript, text/json
				Authorization=Bearer eyJhbGciOiJIUzI1NiJ9.eyJzdWIiOiJhZG1pbkByaXZpby5jb20iLCJ1c2VySWQiOjEsInJvbGUiOiJTdXBlciBBZG1pbiIsInBlcm1pc3Npb25zIjpbIk1BTkFHRV9TWVNURU1fU0VUVElOR1MiLCJBRERfRU1QTE9ZRUUiLCJFRElUX0VNUExPWUVFIiwiQVBQUk9WRV9MRUFWRV9BTEwiLCJBUFBST1ZFX0xFQVZFX1RFQU0iLCJSVU5fUEFZUk9MTCIsIlZJRVdfQUxMX1BBWVNMSVBTIiwiRURJVF9BVFRFTkRBTkNFX0FMTCIsIlZJRVdfT1dOX1BST0ZJTEUiXSwiaWF0IjoxNzc4MzM4OTEwLCJleHAiOjE3Nzg0MjUzMTB9.N9ACWxPCPXMINcotDZG_m6RG5OqI900zgWhLh0Taa5c
				Content-Type=application/json
Cookies:		<none>
Multiparts:		<none>
Body:			<none>
Request method:	POST
Request URI:	https://riviobackendspringboot-production.up.railway.app/api/job-openings/7/candidates
Proxy:			<none>
Request params:	<none>
Query params:	<none>
Form params:	<none>
Path params:	<none>
Headers:		Accept=application/json, application/javascript, text/javascript, text/json
				Authorization=Bearer eyJhbGciOiJIUzI1NiJ9.eyJzdWIiOiJhZG1pbkByaXZpby5jb20iLCJ1c2VySWQiOjEsInJvbGUiOiJTdXBlciBBZG1pbiIsInBlcm1pc3Npb25zIjpbIk1BTkFHRV9TWVNURU1fU0VUVElOR1MiLCJBRERfRU1QTE9ZRUUiLCJFRElUX0VNUExPWUVFIiwiQVBQUk9WRV9MRUFWRV9BTEwiLCJBUFBST1ZFX0xFQVZFX1RFQU0iLCJSVU5fUEFZUk9MTCIsIlZJRVdfQUxMX1BBWVNMSVBTIiwiRURJVF9BVFRFTkRBTkNFX0FMTCIsIlZJRVdfT1dOX1BST0ZJTEUiXSwiaWF0IjoxNzc4MzM4OTEwLCJleHAiOjE3Nzg0MjUzMTB9.N9ACWxPCPXMINcotDZG_m6RG5OqI900zgWhLh0Taa5c
				Content-Type=application/json
Cookies:		<none>
Multiparts:		<none>
Body:
{
    "resumeUrl": "https://s3.amazonaws.com/resumes/eve.pdf",
    "name": "Eve Tester",
    "email": "eve.tester@gmail.com"
}
? Eve Tester applied, ID: 9
Request method:	GET
Request URI:	https://riviobackendspringboot-production.up.railway.app/api/job-openings/1/candidates?stage=INTERVIEWING
Proxy:			<none>
Request params:	<none>
Query params:	stage=INTERVIEWING
Form params:	<none>
Path params:	<none>
Headers:		Accept=application/json, application/javascript, text/javascript, text/json
				Authorization=Bearer eyJhbGciOiJIUzI1NiJ9.eyJzdWIiOiJhZG1pbkByaXZpby5jb20iLCJ1c2VySWQiOjEsInJvbGUiOiJTdXBlciBBZG1pbiIsInBlcm1pc3Npb25zIjpbIk1BTkFHRV9TWVNURU1fU0VUVElOR1MiLCJBRERfRU1QTE9ZRUUiLCJFRElUX0VNUExPWUVFIiwiQVBQUk9WRV9MRUFWRV9BTEwiLCJBUFBST1ZFX0xFQVZFX1RFQU0iLCJSVU5fUEFZUk9MTCIsIlZJRVdfQUxMX1BBWVNMSVBTIiwiRURJVF9BVFRFTkRBTkNFX0FMTCIsIlZJRVdfT1dOX1BST0ZJTEUiXSwiaWF0IjoxNzc4MzM4OTEwLCJleHAiOjE3Nzg0MjUzMTB9.N9ACWxPCPXMINcotDZG_m6RG5OqI900zgWhLh0Taa5c
				Content-Type=application/json
Cookies:		<none>
Multiparts:		<none>
Body:			<none>
Request method:	PUT
Request URI:	https://riviobackendspringboot-production.up.railway.app/api/candidates/9/stage
Proxy:			<none>
Request params:	<none>
Query params:	<none>
Form params:	<none>
Path params:	<none>
Headers:		Accept=application/json, application/javascript, text/javascript, text/json
				Authorization=Bearer eyJhbGciOiJIUzI1NiJ9.eyJzdWIiOiJhZG1pbkByaXZpby5jb20iLCJ1c2VySWQiOjEsInJvbGUiOiJTdXBlciBBZG1pbiIsInBlcm1pc3Npb25zIjpbIk1BTkFHRV9TWVNURU1fU0VUVElOR1MiLCJBRERfRU1QTE9ZRUUiLCJFRElUX0VNUExPWUVFIiwiQVBQUk9WRV9MRUFWRV9BTEwiLCJBUFBST1ZFX0xFQVZFX1RFQU0iLCJSVU5fUEFZUk9MTCIsIlZJRVdfQUxMX1BBWVNMSVBTIiwiRURJVF9BVFRFTkRBTkNFX0FMTCIsIlZJRVdfT1dOX1BST0ZJTEUiXSwiaWF0IjoxNzc4MzM4OTEwLCJleHAiOjE3Nzg0MjUzMTB9.N9ACWxPCPXMINcotDZG_m6RG5OqI900zgWhLh0Taa5c
				Content-Type=application/json
Cookies:		<none>
Multiparts:		<none>
Body:
{
    "stage": "INTERVIEWING"
}
? Eve moved to INTERVIEWING
Request method:	PATCH
Request URI:	https://riviobackendspringboot-production.up.railway.app/api/job-openings/7/status
Proxy:			<none>
Request params:	<none>
Query params:	<none>
Form params:	<none>
Path params:	<none>
Headers:		Accept=application/json, application/javascript, text/javascript, text/json
				Authorization=Bearer eyJhbGciOiJIUzI1NiJ9.eyJzdWIiOiJhZG1pbkByaXZpby5jb20iLCJ1c2VySWQiOjEsInJvbGUiOiJTdXBlciBBZG1pbiIsInBlcm1pc3Npb25zIjpbIk1BTkFHRV9TWVNURU1fU0VUVElOR1MiLCJBRERfRU1QTE9ZRUUiLCJFRElUX0VNUExPWUVFIiwiQVBQUk9WRV9MRUFWRV9BTEwiLCJBUFBST1ZFX0xFQVZFX1RFQU0iLCJSVU5fUEFZUk9MTCIsIlZJRVdfQUxMX1BBWVNMSVBTIiwiRURJVF9BVFRFTkRBTkNFX0FMTCIsIlZJRVdfT1dOX1BST0ZJTEUiXSwiaWF0IjoxNzc4MzM4OTEwLCJleHAiOjE3Nzg0MjUzMTB9.N9ACWxPCPXMINcotDZG_m6RG5OqI900zgWhLh0Taa5c
				Content-Type=application/json
Cookies:		<none>
Multiparts:		<none>
Body:
{
    "status": "CLOSED"
}
? Job opening closed
Request method:	DELETE
Request URI:	https://riviobackendspringboot-production.up.railway.app/api/job-openings/7
Proxy:			<none>
Request params:	<none>
Query params:	<none>
Form params:	<none>
Path params:	<none>
Headers:		Accept=application/json, application/javascript, text/javascript, text/json
				Authorization=Bearer eyJhbGciOiJIUzI1NiJ9.eyJzdWIiOiJhZG1pbkByaXZpby5jb20iLCJ1c2VySWQiOjEsInJvbGUiOiJTdXBlciBBZG1pbiIsInBlcm1pc3Npb25zIjpbIk1BTkFHRV9TWVNURU1fU0VUVElOR1MiLCJBRERfRU1QTE9ZRUUiLCJFRElUX0VNUExPWUVFIiwiQVBQUk9WRV9MRUFWRV9BTEwiLCJBUFBST1ZFX0xFQVZFX1RFQU0iLCJSVU5fUEFZUk9MTCIsIlZJRVdfQUxMX1BBWVNMSVBTIiwiRURJVF9BVFRFTkRBTkNFX0FMTCIsIlZJRVdfT1dOX1BST0ZJTEUiXSwiaWF0IjoxNzc4MzM4OTEwLCJleHAiOjE3Nzg0MjUzMTB9.N9ACWxPCPXMINcotDZG_m6RG5OqI900zgWhLh0Taa5c
				Content-Type=application/json
Cookies:		<none>
Multiparts:		<none>
Body:			<none>
?? Delete blocked because candidates applied (expected): {"success":false,"message":"An unexpected error occurred: Cannot delete Job Opening: Candidates have already applied. Please change the status to 'CLOSED' instead.","timestamp":"2026-05-09T15:05:52.687006875"}
Request method:	GET
Request URI:	https://riviobackendspringboot-production.up.railway.app/api/salary-components/employee/1
Proxy:			<none>
Request params:	<none>
Query params:	<none>
Form params:	<none>
Path params:	<none>
Headers:		Accept=application/json, application/javascript, text/javascript, text/json
				Authorization=Bearer eyJhbGciOiJIUzI1NiJ9.eyJzdWIiOiJhZG1pbkByaXZpby5jb20iLCJ1c2VySWQiOjEsInJvbGUiOiJTdXBlciBBZG1pbiIsInBlcm1pc3Npb25zIjpbIk1BTkFHRV9TWVNURU1fU0VUVElOR1MiLCJBRERfRU1QTE9ZRUUiLCJFRElUX0VNUExPWUVFIiwiQVBQUk9WRV9MRUFWRV9BTEwiLCJBUFBST1ZFX0xFQVZFX1RFQU0iLCJSVU5fUEFZUk9MTCIsIlZJRVdfQUxMX1BBWVNMSVBTIiwiRURJVF9BVFRFTkRBTkNFX0FMTCIsIlZJRVdfT1dOX1BST0ZJTEUiXSwiaWF0IjoxNzc4MzM4OTEwLCJleHAiOjE3Nzg0MjUzMTB9.N9ACWxPCPXMINcotDZG_m6RG5OqI900zgWhLh0Taa5c
				Content-Type=application/json
Cookies:		<none>
Multiparts:		<none>
Body:			<none>
Request method:	GET
Request URI:	https://riviobackendspringboot-production.up.railway.app/api/salary-components/employee/4
Proxy:			<none>
Request params:	<none>
Query params:	<none>
Form params:	<none>
Path params:	<none>
Headers:		Accept=application/json, application/javascript, text/javascript, text/json
				Authorization=Bearer eyJhbGciOiJIUzI1NiJ9.eyJzdWIiOiJhZG1pbkByaXZpby5jb20iLCJ1c2VySWQiOjEsInJvbGUiOiJTdXBlciBBZG1pbiIsInBlcm1pc3Npb25zIjpbIk1BTkFHRV9TWVNURU1fU0VUVElOR1MiLCJBRERfRU1QTE9ZRUUiLCJFRElUX0VNUExPWUVFIiwiQVBQUk9WRV9MRUFWRV9BTEwiLCJBUFBST1ZFX0xFQVZFX1RFQU0iLCJSVU5fUEFZUk9MTCIsIlZJRVdfQUxMX1BBWVNMSVBTIiwiRURJVF9BVFRFTkRBTkNFX0FMTCIsIlZJRVdfT1dOX1BST0ZJTEUiXSwiaWF0IjoxNzc4MzM4OTEwLCJleHAiOjE3Nzg0MjUzMTB9.N9ACWxPCPXMINcotDZG_m6RG5OqI900zgWhLh0Taa5c
				Content-Type=application/json
Cookies:		<none>
Multiparts:		<none>
Body:			<none>
Request method:	POST
Request URI:	https://riviobackendspringboot-production.up.railway.app/api/salary-components/employee/3
Proxy:			<none>
Request params:	<none>
Query params:	<none>
Form params:	<none>
Path params:	<none>
Headers:		Accept=application/json, application/javascript, text/javascript, text/json
				Authorization=Bearer eyJhbGciOiJIUzI1NiJ9.eyJzdWIiOiJhZG1pbkByaXZpby5jb20iLCJ1c2VySWQiOjEsInJvbGUiOiJTdXBlciBBZG1pbiIsInBlcm1pc3Npb25zIjpbIk1BTkFHRV9TWVNURU1fU0VUVElOR1MiLCJBRERfRU1QTE9ZRUUiLCJFRElUX0VNUExPWUVFIiwiQVBQUk9WRV9MRUFWRV9BTEwiLCJBUFBST1ZFX0xFQVZFX1RFQU0iLCJSVU5fUEFZUk9MTCIsIlZJRVdfQUxMX1BBWVNMSVBTIiwiRURJVF9BVFRFTkRBTkNFX0FMTCIsIlZJRVdfT1dOX1BST0ZJTEUiXSwiaWF0IjoxNzc4MzM4OTEwLCJleHAiOjE3Nzg0MjUzMTB9.N9ACWxPCPXMINcotDZG_m6RG5OqI900zgWhLh0Taa5c
				Content-Type=application/json
Cookies:		<none>
Multiparts:		<none>
Body:
{
    "name": "Transport Allowance",
    "type": "EARNING",
    "value": 5000.0
}
? Salary component created, ID: 25
Request method:	PUT
Request URI:	https://riviobackendspringboot-production.up.railway.app/api/salary-components/25
Proxy:			<none>
Request params:	<none>
Query params:	<none>
Form params:	<none>
Path params:	<none>
Headers:		Accept=application/json, application/javascript, text/javascript, text/json
				Authorization=Bearer eyJhbGciOiJIUzI1NiJ9.eyJzdWIiOiJhZG1pbkByaXZpby5jb20iLCJ1c2VySWQiOjEsInJvbGUiOiJTdXBlciBBZG1pbiIsInBlcm1pc3Npb25zIjpbIk1BTkFHRV9TWVNURU1fU0VUVElOR1MiLCJBRERfRU1QTE9ZRUUiLCJFRElUX0VNUExPWUVFIiwiQVBQUk9WRV9MRUFWRV9BTEwiLCJBUFBST1ZFX0xFQVZFX1RFQU0iLCJSVU5fUEFZUk9MTCIsIlZJRVdfQUxMX1BBWVNMSVBTIiwiRURJVF9BVFRFTkRBTkNFX0FMTCIsIlZJRVdfT1dOX1BST0ZJTEUiXSwiaWF0IjoxNzc4MzM4OTEwLCJleHAiOjE3Nzg0MjUzMTB9.N9ACWxPCPXMINcotDZG_m6RG5OqI900zgWhLh0Taa5c
				Content-Type=application/json
Cookies:		<none>
Multiparts:		<none>
Body:
{
    "name": "Transport Allowance",
    "type": "EARNING",
    "value": 6000.0
}
? Transport Allowance updated to 6000
Request method:	DELETE
Request URI:	https://riviobackendspringboot-production.up.railway.app/api/salary-components/25
Proxy:			<none>
Request params:	<none>
Query params:	<none>
Form params:	<none>
Path params:	<none>
Headers:		Accept=application/json, application/javascript, text/javascript, text/json
				Authorization=Bearer eyJhbGciOiJIUzI1NiJ9.eyJzdWIiOiJhZG1pbkByaXZpby5jb20iLCJ1c2VySWQiOjEsInJvbGUiOiJTdXBlciBBZG1pbiIsInBlcm1pc3Npb25zIjpbIk1BTkFHRV9TWVNURU1fU0VUVElOR1MiLCJBRERfRU1QTE9ZRUUiLCJFRElUX0VNUExPWUVFIiwiQVBQUk9WRV9MRUFWRV9BTEwiLCJBUFBST1ZFX0xFQVZFX1RFQU0iLCJSVU5fUEFZUk9MTCIsIlZJRVdfQUxMX1BBWVNMSVBTIiwiRURJVF9BVFRFTkRBTkNFX0FMTCIsIlZJRVdfT1dOX1BST0ZJTEUiXSwiaWF0IjoxNzc4MzM4OTEwLCJleHAiOjE3Nzg0MjUzMTB9.N9ACWxPCPXMINcotDZG_m6RG5OqI900zgWhLh0Taa5c
				Content-Type=application/json
Cookies:		<none>
Multiparts:		<none>
Body:			<none>
? Transport Allowance deleted
Request method:	GET
Request URI:	https://riviobackendspringboot-production.up.railway.app/api/pay-cycles
Proxy:			<none>
Request params:	<none>
Query params:	<none>
Form params:	<none>
Path params:	<none>
Headers:		Accept=application/json, application/javascript, text/javascript, text/json
				Authorization=Bearer eyJhbGciOiJIUzI1NiJ9.eyJzdWIiOiJhZG1pbkByaXZpby5jb20iLCJ1c2VySWQiOjEsInJvbGUiOiJTdXBlciBBZG1pbiIsInBlcm1pc3Npb25zIjpbIk1BTkFHRV9TWVNURU1fU0VUVElOR1MiLCJBRERfRU1QTE9ZRUUiLCJFRElUX0VNUExPWUVFIiwiQVBQUk9WRV9MRUFWRV9BTEwiLCJBUFBST1ZFX0xFQVZFX1RFQU0iLCJSVU5fUEFZUk9MTCIsIlZJRVdfQUxMX1BBWVNMSVBTIiwiRURJVF9BVFRFTkRBTkNFX0FMTCIsIlZJRVdfT1dOX1BST0ZJTEUiXSwiaWF0IjoxNzc4MzM4OTEwLCJleHAiOjE3Nzg0MjUzMTB9.N9ACWxPCPXMINcotDZG_m6RG5OqI900zgWhLh0Taa5c
				Content-Type=application/json
Cookies:		<none>
Multiparts:		<none>
Body:			<none>
? Pay cycles: 6
Request method:	GET
Request URI:	https://riviobackendspringboot-production.up.railway.app/api/pay-cycles?name=February
Proxy:			<none>
Request params:	<none>
Query params:	name=February
Form params:	<none>
Path params:	<none>
Headers:		Accept=application/json, application/javascript, text/javascript, text/json
				Authorization=Bearer eyJhbGciOiJIUzI1NiJ9.eyJzdWIiOiJhZG1pbkByaXZpby5jb20iLCJ1c2VySWQiOjEsInJvbGUiOiJTdXBlciBBZG1pbiIsInBlcm1pc3Npb25zIjpbIk1BTkFHRV9TWVNURU1fU0VUVElOR1MiLCJBRERfRU1QTE9ZRUUiLCJFRElUX0VNUExPWUVFIiwiQVBQUk9WRV9MRUFWRV9BTEwiLCJBUFBST1ZFX0xFQVZFX1RFQU0iLCJSVU5fUEFZUk9MTCIsIlZJRVdfQUxMX1BBWVNMSVBTIiwiRURJVF9BVFRFTkRBTkNFX0FMTCIsIlZJRVdfT1dOX1BST0ZJTEUiXSwiaWF0IjoxNzc4MzM4OTEwLCJleHAiOjE3Nzg0MjUzMTB9.N9ACWxPCPXMINcotDZG_m6RG5OqI900zgWhLh0Taa5c
				Content-Type=application/json
Cookies:		<none>
Multiparts:		<none>
Body:			<none>
? Search 'February' complete
Request method:	POST
Request URI:	https://riviobackendspringboot-production.up.railway.app/api/pay-cycles
Proxy:			<none>
Request params:	<none>
Query params:	<none>
Form params:	<none>
Path params:	<none>
Headers:		Accept=application/json, application/javascript, text/javascript, text/json
				Authorization=Bearer eyJhbGciOiJIUzI1NiJ9.eyJzdWIiOiJhZG1pbkByaXZpby5jb20iLCJ1c2VySWQiOjEsInJvbGUiOiJTdXBlciBBZG1pbiIsInBlcm1pc3Npb25zIjpbIk1BTkFHRV9TWVNURU1fU0VUVElOR1MiLCJBRERfRU1QTE9ZRUUiLCJFRElUX0VNUExPWUVFIiwiQVBQUk9WRV9MRUFWRV9BTEwiLCJBUFBST1ZFX0xFQVZFX1RFQU0iLCJSVU5fUEFZUk9MTCIsIlZJRVdfQUxMX1BBWVNMSVBTIiwiRURJVF9BVFRFTkRBTkNFX0FMTCIsIlZJRVdfT1dOX1BST0ZJTEUiXSwiaWF0IjoxNzc4MzM4OTEwLCJleHAiOjE3Nzg0MjUzMTB9.N9ACWxPCPXMINcotDZG_m6RG5OqI900zgWhLh0Taa5c
				Content-Type=application/json
Cookies:		<none>
Multiparts:		<none>
Body:
{
    "fromDate": "2029-09-01",
    "toDate": "2029-09-30",
    "cycleName": "SEPTEMBER 2029 #1778339168824"
}
? Pay cycle created, ID: 7 name: SEPTEMBER 2029 #1778339168824
Request method:	GET
Request URI:	https://riviobackendspringboot-production.up.railway.app/api/pay-cycles/1/payslips
Proxy:			<none>
Request params:	<none>
Query params:	<none>
Form params:	<none>
Path params:	<none>
Headers:		Accept=application/json, application/javascript, text/javascript, text/json
				Authorization=Bearer eyJhbGciOiJIUzI1NiJ9.eyJzdWIiOiJhZG1pbkByaXZpby5jb20iLCJ1c2VySWQiOjEsInJvbGUiOiJTdXBlciBBZG1pbiIsInBlcm1pc3Npb25zIjpbIk1BTkFHRV9TWVNURU1fU0VUVElOR1MiLCJBRERfRU1QTE9ZRUUiLCJFRElUX0VNUExPWUVFIiwiQVBQUk9WRV9MRUFWRV9BTEwiLCJBUFBST1ZFX0xFQVZFX1RFQU0iLCJSVU5fUEFZUk9MTCIsIlZJRVdfQUxMX1BBWVNMSVBTIiwiRURJVF9BVFRFTkRBTkNFX0FMTCIsIlZJRVdfT1dOX1BST0ZJTEUiXSwiaWF0IjoxNzc4MzM4OTEwLCJleHAiOjE3Nzg0MjUzMTB9.N9ACWxPCPXMINcotDZG_m6RG5OqI900zgWhLh0Taa5c
				Content-Type=application/json
Cookies:		<none>
Multiparts:		<none>
Body:			<none>
Request method:	POST
Request URI:	https://riviobackendspringboot-production.up.railway.app/api/pay-cycles/7/generate-payslips
Proxy:			<none>
Request params:	<none>
Query params:	<none>
Form params:	<none>
Path params:	<none>
Headers:		Accept=application/json, application/javascript, text/javascript, text/json
				Authorization=Bearer eyJhbGciOiJIUzI1NiJ9.eyJzdWIiOiJhZG1pbkByaXZpby5jb20iLCJ1c2VySWQiOjEsInJvbGUiOiJTdXBlciBBZG1pbiIsInBlcm1pc3Npb25zIjpbIk1BTkFHRV9TWVNURU1fU0VUVElOR1MiLCJBRERfRU1QTE9ZRUUiLCJFRElUX0VNUExPWUVFIiwiQVBQUk9WRV9MRUFWRV9BTEwiLCJBUFBST1ZFX0xFQVZFX1RFQU0iLCJSVU5fUEFZUk9MTCIsIlZJRVdfQUxMX1BBWVNMSVBTIiwiRURJVF9BVFRFTkRBTkNFX0FMTCIsIlZJRVdfT1dOX1BST0ZJTEUiXSwiaWF0IjoxNzc4MzM4OTEwLCJleHAiOjE3Nzg0MjUzMTB9.N9ACWxPCPXMINcotDZG_m6RG5OqI900zgWhLh0Taa5c
				Content-Type=application/json
Cookies:		<none>
Multiparts:		<none>
Body:			<none>
? Payslips generated for April 2026
Request method:	PUT
Request URI:	https://riviobackendspringboot-production.up.railway.app/api/pay-cycles/7/status
Proxy:			<none>
Request params:	<none>
Query params:	<none>
Form params:	<none>
Path params:	<none>
Headers:		Accept=application/json, application/javascript, text/javascript, text/json
				Authorization=Bearer eyJhbGciOiJIUzI1NiJ9.eyJzdWIiOiJhZG1pbkByaXZpby5jb20iLCJ1c2VySWQiOjEsInJvbGUiOiJTdXBlciBBZG1pbiIsInBlcm1pc3Npb25zIjpbIk1BTkFHRV9TWVNURU1fU0VUVElOR1MiLCJBRERfRU1QTE9ZRUUiLCJFRElUX0VNUExPWUVFIiwiQVBQUk9WRV9MRUFWRV9BTEwiLCJBUFBST1ZFX0xFQVZFX1RFQU0iLCJSVU5fUEFZUk9MTCIsIlZJRVdfQUxMX1BBWVNMSVBTIiwiRURJVF9BVFRFTkRBTkNFX0FMTCIsIlZJRVdfT1dOX1BST0ZJTEUiXSwiaWF0IjoxNzc4MzM4OTEwLCJleHAiOjE3Nzg0MjUzMTB9.N9ACWxPCPXMINcotDZG_m6RG5OqI900zgWhLh0Taa5c
				Content-Type=application/json
Cookies:		<none>
Multiparts:		<none>
Body:
{
    "status": "FINALIZED"
}
? April 2026 pay cycle finalized
Request method:	GET
Request URI:	https://riviobackendspringboot-production.up.railway.app/api/dashboard/admin-summary
Proxy:			<none>
Request params:	<none>
Query params:	<none>
Form params:	<none>
Path params:	<none>
Headers:		Accept=application/json, application/javascript, text/javascript, text/json
				Authorization=Bearer eyJhbGciOiJIUzI1NiJ9.eyJzdWIiOiJhZG1pbkByaXZpby5jb20iLCJ1c2VySWQiOjEsInJvbGUiOiJTdXBlciBBZG1pbiIsInBlcm1pc3Npb25zIjpbIk1BTkFHRV9TWVNURU1fU0VUVElOR1MiLCJBRERfRU1QTE9ZRUUiLCJFRElUX0VNUExPWUVFIiwiQVBQUk9WRV9MRUFWRV9BTEwiLCJBUFBST1ZFX0xFQVZFX1RFQU0iLCJSVU5fUEFZUk9MTCIsIlZJRVdfQUxMX1BBWVNMSVBTIiwiRURJVF9BVFRFTkRBTkNFX0FMTCIsIlZJRVdfT1dOX1BST0ZJTEUiXSwiaWF0IjoxNzc4MzM4OTEwLCJleHAiOjE3Nzg0MjUzMTB9.N9ACWxPCPXMINcotDZG_m6RG5OqI900zgWhLh0Taa5c
				Content-Type=application/json
Cookies:		<none>
Multiparts:		<none>
Body:			<none>
? Admin Summary KPIs:
   Total Employees  : 12
   Pending Leaves   : 1
   Present Today    : 1
   On Leave Today   : 0
   Active PayCycles : 7
Request method:	GET
Request URI:	https://riviobackendspringboot-production.up.railway.app/api/health
Proxy:			<none>
Request params:	<none>
Query params:	<none>
Form params:	<none>
Path params:	<none>
Headers:		Accept=application/json, application/javascript, text/javascript, text/json
				Content-Type=application/json
Cookies:		<none>
Multiparts:		<none>
Body:			<none>
? Health check passed. Message: All Systems are healthy

????????????????????????????????????????????????????????????????????????????
?                     RIVIO HRMS API TEST SUMMARY                          ?
????????????????????????????????????????????????????????????????????????????
? API Module                                          Pass  Fail  Skip   Tot ?
????????????????????????????????????????????????????????????????????????????
? ? TC09 - Dashboard Analytics                           2     0     0     2 ?
? ? TC03 - Company Structure                            11     2     0    13 ?
? ? TC06 - Attendance and Scheduling                     9     1     0    10 ?
? ? TC08 - Payroll Management                            7     3     0    10 ?
? ? TC02 - Roles and Permissions                         7     0     0     7 ?
? ? TC01 - Authentication and Users                      7     1     0     8 ?
? ? TC07 - Applicant Tracking System                     5     5     0    10 ?
? ? TC04 - Employee Management                           5     3     0     8 ?
? ? TC05 - Leave Management                              9     1     0    10 ?
????????????????????????????????????????????????????????????????????????????
? TOTAL                                                 62    16     0    78 ?
????????????????????????????????????????????????????????????????????????????
Pass rate: 79.5%   |   62 passed, 16 failed, 0 skipped, 78 total

[ERROR] Tests run: 78, Failures: 16, Errors: 0, Skipped: 0, Time elapsed: 295.3 s <<< FAILURE! -- in TestSuite
[ERROR] com.rivio.tests.TC01_AuthTest.tc_auth_003_loginAsHrManager -- Time elapsed: 1.969 s <<< FAILURE!
java.lang.AssertionError: Unexpected HTTP status. Body: {"success":false,"message":"Invalid email or password","timestamp":"2026-05-09T15:02:00.727755103"} expected [200] but found [401]
	at org.testng.Assert.fail(Assert.java:111)
	at org.testng.Assert.failNotEquals(Assert.java:1578)
	at org.testng.Assert.assertEqualsImpl(Assert.java:150)
	at org.testng.Assert.assertEquals(Assert.java:132)
	at org.testng.Assert.assertEquals(Assert.java:1419)
	at org.testng.Assert.assertEquals(Assert.java:1383)
	at com.rivio.utils.AssertionUtils.assertSuccess(AssertionUtils.java:19)
	at com.rivio.utils.AssertionUtils.assertSuccess(AssertionUtils.java:15)
	at com.rivio.tests.TC01_AuthTest.tc_auth_003_loginAsHrManager(TC01_AuthTest.java:81)
	at java.base/jdk.internal.reflect.NativeMethodAccessorImpl.invoke0(Native Method)
	at java.base/jdk.internal.reflect.NativeMethodAccessorImpl.invoke(NativeMethodAccessorImpl.java:77)
	at java.base/jdk.internal.reflect.DelegatingMethodAccessorImpl.invoke(DelegatingMethodAccessorImpl.java:43)
	at java.base/java.lang.reflect.Method.invoke(Method.java:568)
	at org.testng.internal.invokers.MethodInvocationHelper.invokeMethod(MethodInvocationHelper.java:139)
	at org.testng.internal.invokers.TestInvoker.invokeMethod(TestInvoker.java:664)
	at org.testng.internal.invokers.TestInvoker.invokeTestMethod(TestInvoker.java:228)
	at org.testng.internal.invokers.MethodRunner.runInSequence(MethodRunner.java:63)
	at org.testng.internal.invokers.TestInvoker$MethodInvocationAgent.invoke(TestInvoker.java:961)
	at org.testng.internal.invokers.TestInvoker.invokeTestMethods(TestInvoker.java:201)
	at org.testng.internal.invokers.TestMethodWorker.invokeTestMethods(TestMethodWorker.java:148)
	at org.testng.internal.invokers.TestMethodWorker.run(TestMethodWorker.java:128)
	at java.base/java.util.ArrayList.forEach(ArrayList.java:1511)
	at org.testng.TestRunner.privateRun(TestRunner.java:819)
	at org.testng.TestRunner.run(TestRunner.java:619)
	at org.testng.SuiteRunner.runTest(SuiteRunner.java:443)
	at org.testng.SuiteRunner.runSequentially(SuiteRunner.java:437)
	at org.testng.SuiteRunner.privateRun(SuiteRunner.java:397)
	at org.testng.SuiteRunner.run(SuiteRunner.java:336)
	at org.testng.SuiteRunnerWorker.runSuite(SuiteRunnerWorker.java:52)
	at org.testng.SuiteRunnerWorker.run(SuiteRunnerWorker.java:95)
	at org.testng.TestNG.runSuitesSequentially(TestNG.java:1301)
	at org.testng.TestNG.runSuitesLocally(TestNG.java:1228)
	at org.testng.TestNG.runSuites(TestNG.java:1134)
	at org.testng.TestNG.run(TestNG.java:1101)
	at org.apache.maven.surefire.testng.TestNGExecutor.run(TestNGExecutor.java:308)
	at org.apache.maven.surefire.testng.TestNGXmlTestSuite.execute(TestNGXmlTestSuite.java:71)
	at org.apache.maven.surefire.testng.TestNGProvider.invoke(TestNGProvider.java:113)
	at org.apache.maven.surefire.booter.ForkedBooter.runSuitesInProcess(ForkedBooter.java:385)
	at org.apache.maven.surefire.booter.ForkedBooter.execute(ForkedBooter.java:162)
	at org.apache.maven.surefire.booter.ForkedBooter.run(ForkedBooter.java:507)
	at org.apache.maven.surefire.booter.ForkedBooter.main(ForkedBooter.java:495)

[ERROR] com.rivio.tests.TC03_CompanyStructureTest.tc_cs_001_getAllLocations -- Time elapsed: 2.753 s <<< FAILURE!
java.lang.AssertionError: Bengaluru HQ should be in locations expected [true] but found [false]
	at org.testng.Assert.fail(Assert.java:111)
	at org.testng.Assert.failNotEquals(Assert.java:1578)
	at org.testng.Assert.assertTrue(Assert.java:57)
	at com.rivio.tests.TC03_CompanyStructureTest.tc_cs_001_getAllLocations(TC03_CompanyStructureTest.java:47)
	at java.base/jdk.internal.reflect.NativeMethodAccessorImpl.invoke0(Native Method)
	at java.base/jdk.internal.reflect.NativeMethodAccessorImpl.invoke(NativeMethodAccessorImpl.java:77)
	at java.base/jdk.internal.reflect.DelegatingMethodAccessorImpl.invoke(DelegatingMethodAccessorImpl.java:43)
	at java.base/java.lang.reflect.Method.invoke(Method.java:568)
	at org.testng.internal.invokers.MethodInvocationHelper.invokeMethod(MethodInvocationHelper.java:139)
	at org.testng.internal.invokers.TestInvoker.invokeMethod(TestInvoker.java:664)
	at org.testng.internal.invokers.TestInvoker.invokeTestMethod(TestInvoker.java:228)
	at org.testng.internal.invokers.MethodRunner.runInSequence(MethodRunner.java:63)
	at org.testng.internal.invokers.TestInvoker$MethodInvocationAgent.invoke(TestInvoker.java:961)
	at org.testng.internal.invokers.TestInvoker.invokeTestMethods(TestInvoker.java:201)
	at org.testng.internal.invokers.TestMethodWorker.invokeTestMethods(TestMethodWorker.java:148)
	at org.testng.internal.invokers.TestMethodWorker.run(TestMethodWorker.java:128)
	at java.base/java.util.ArrayList.forEach(ArrayList.java:1511)
	at org.testng.TestRunner.privateRun(TestRunner.java:819)
	at org.testng.TestRunner.run(TestRunner.java:619)
	at org.testng.SuiteRunner.runTest(SuiteRunner.java:443)
	at org.testng.SuiteRunner.runSequentially(SuiteRunner.java:437)
	at org.testng.SuiteRunner.privateRun(SuiteRunner.java:397)
	at org.testng.SuiteRunner.run(SuiteRunner.java:336)
	at org.testng.SuiteRunnerWorker.runSuite(SuiteRunnerWorker.java:52)
	at org.testng.SuiteRunnerWorker.run(SuiteRunnerWorker.java:95)
	at org.testng.TestNG.runSuitesSequentially(TestNG.java:1301)
	at org.testng.TestNG.runSuitesLocally(TestNG.java:1228)
	at org.testng.TestNG.runSuites(TestNG.java:1134)
	at org.testng.TestNG.run(TestNG.java:1101)
	at org.apache.maven.surefire.testng.TestNGExecutor.run(TestNGExecutor.java:308)
	at org.apache.maven.surefire.testng.TestNGXmlTestSuite.execute(TestNGXmlTestSuite.java:71)
	at org.apache.maven.surefire.testng.TestNGProvider.invoke(TestNGProvider.java:113)
	at org.apache.maven.surefire.booter.ForkedBooter.runSuitesInProcess(ForkedBooter.java:385)
	at org.apache.maven.surefire.booter.ForkedBooter.execute(ForkedBooter.java:162)
	at org.apache.maven.surefire.booter.ForkedBooter.run(ForkedBooter.java:507)
	at org.apache.maven.surefire.booter.ForkedBooter.main(ForkedBooter.java:495)

[ERROR] com.rivio.tests.TC03_CompanyStructureTest.tc_cs_008_getDesignationsByDepartment -- Time elapsed: 2.810 s <<< FAILURE!
java.lang.AssertionError: Engineering should have at least 3 designations expected [true] but found [false]
	at org.testng.Assert.fail(Assert.java:111)
	at org.testng.Assert.failNotEquals(Assert.java:1578)
	at org.testng.Assert.assertTrue(Assert.java:57)
	at com.rivio.tests.TC03_CompanyStructureTest.tc_cs_008_getDesignationsByDepartment(TC03_CompanyStructureTest.java:189)
	at java.base/jdk.internal.reflect.NativeMethodAccessorImpl.invoke0(Native Method)
	at java.base/jdk.internal.reflect.NativeMethodAccessorImpl.invoke(NativeMethodAccessorImpl.java:77)
	at java.base/jdk.internal.reflect.DelegatingMethodAccessorImpl.invoke(DelegatingMethodAccessorImpl.java:43)
	at java.base/java.lang.reflect.Method.invoke(Method.java:568)
	at org.testng.internal.invokers.MethodInvocationHelper.invokeMethod(MethodInvocationHelper.java:139)
	at org.testng.internal.invokers.TestInvoker.invokeMethod(TestInvoker.java:664)
	at org.testng.internal.invokers.TestInvoker.invokeTestMethod(TestInvoker.java:228)
	at org.testng.internal.invokers.MethodRunner.runInSequence(MethodRunner.java:63)
	at org.testng.internal.invokers.TestInvoker$MethodInvocationAgent.invoke(TestInvoker.java:961)
	at org.testng.internal.invokers.TestInvoker.invokeTestMethods(TestInvoker.java:201)
	at org.testng.internal.invokers.TestMethodWorker.invokeTestMethods(TestMethodWorker.java:148)
	at org.testng.internal.invokers.TestMethodWorker.run(TestMethodWorker.java:128)
	at java.base/java.util.ArrayList.forEach(ArrayList.java:1511)
	at org.testng.TestRunner.privateRun(TestRunner.java:819)
	at org.testng.TestRunner.run(TestRunner.java:619)
	at org.testng.SuiteRunner.runTest(SuiteRunner.java:443)
	at org.testng.SuiteRunner.runSequentially(SuiteRunner.java:437)
	at org.testng.SuiteRunner.privateRun(SuiteRunner.java:397)
	at org.testng.SuiteRunner.run(SuiteRunner.java:336)
	at org.testng.SuiteRunnerWorker.runSuite(SuiteRunnerWorker.java:52)
	at org.testng.SuiteRunnerWorker.run(SuiteRunnerWorker.java:95)
	at org.testng.TestNG.runSuitesSequentially(TestNG.java:1301)
	at org.testng.TestNG.runSuitesLocally(TestNG.java:1228)
	at org.testng.TestNG.runSuites(TestNG.java:1134)
	at org.testng.TestNG.run(TestNG.java:1101)
	at org.apache.maven.surefire.testng.TestNGExecutor.run(TestNGExecutor.java:308)
	at org.apache.maven.surefire.testng.TestNGXmlTestSuite.execute(TestNGXmlTestSuite.java:71)
	at org.apache.maven.surefire.testng.TestNGProvider.invoke(TestNGProvider.java:113)
	at org.apache.maven.surefire.booter.ForkedBooter.runSuitesInProcess(ForkedBooter.java:385)
	at org.apache.maven.surefire.booter.ForkedBooter.execute(ForkedBooter.java:162)
	at org.apache.maven.surefire.booter.ForkedBooter.run(ForkedBooter.java:507)
	at org.apache.maven.surefire.booter.ForkedBooter.main(ForkedBooter.java:495)

[ERROR] com.rivio.tests.TC04_EmployeeTest.tc_emp_001_getSeededEmployeeProfile -- Time elapsed: 3.866 s <<< FAILURE!
java.lang.AssertionError: expected [John] but found [Arjun]
	at org.testng.Assert.fail(Assert.java:111)
	at org.testng.Assert.failNotEquals(Assert.java:1578)
	at org.testng.Assert.assertEqualsImpl(Assert.java:150)
	at org.testng.Assert.assertEquals(Assert.java:132)
	at org.testng.Assert.assertEquals(Assert.java:656)
	at org.testng.Assert.assertEquals(Assert.java:666)
	at com.rivio.tests.TC04_EmployeeTest.tc_emp_001_getSeededEmployeeProfile(TC04_EmployeeTest.java:49)
	at java.base/jdk.internal.reflect.NativeMethodAccessorImpl.invoke0(Native Method)
	at java.base/jdk.internal.reflect.NativeMethodAccessorImpl.invoke(NativeMethodAccessorImpl.java:77)
	at java.base/jdk.internal.reflect.DelegatingMethodAccessorImpl.invoke(DelegatingMethodAccessorImpl.java:43)
	at java.base/java.lang.reflect.Method.invoke(Method.java:568)
	at org.testng.internal.invokers.MethodInvocationHelper.invokeMethod(MethodInvocationHelper.java:139)
	at org.testng.internal.invokers.TestInvoker.invokeMethod(TestInvoker.java:664)
	at org.testng.internal.invokers.TestInvoker.invokeTestMethod(TestInvoker.java:228)
	at org.testng.internal.invokers.MethodRunner.runInSequence(MethodRunner.java:63)
	at org.testng.internal.invokers.TestInvoker$MethodInvocationAgent.invoke(TestInvoker.java:961)
	at org.testng.internal.invokers.TestInvoker.invokeTestMethods(TestInvoker.java:201)
	at org.testng.internal.invokers.TestMethodWorker.invokeTestMethods(TestMethodWorker.java:148)
	at org.testng.internal.invokers.TestMethodWorker.run(TestMethodWorker.java:128)
	at java.base/java.util.ArrayList.forEach(ArrayList.java:1511)
	at org.testng.TestRunner.privateRun(TestRunner.java:819)
	at org.testng.TestRunner.run(TestRunner.java:619)
	at org.testng.SuiteRunner.runTest(SuiteRunner.java:443)
	at org.testng.SuiteRunner.runSequentially(SuiteRunner.java:437)
	at org.testng.SuiteRunner.privateRun(SuiteRunner.java:397)
	at org.testng.SuiteRunner.run(SuiteRunner.java:336)
	at org.testng.SuiteRunnerWorker.runSuite(SuiteRunnerWorker.java:52)
	at org.testng.SuiteRunnerWorker.run(SuiteRunnerWorker.java:95)
	at org.testng.TestNG.runSuitesSequentially(TestNG.java:1301)
	at org.testng.TestNG.runSuitesLocally(TestNG.java:1228)
	at org.testng.TestNG.runSuites(TestNG.java:1134)
	at org.testng.TestNG.run(TestNG.java:1101)
	at org.apache.maven.surefire.testng.TestNGExecutor.run(TestNGExecutor.java:308)
	at org.apache.maven.surefire.testng.TestNGXmlTestSuite.execute(TestNGXmlTestSuite.java:71)
	at org.apache.maven.surefire.testng.TestNGProvider.invoke(TestNGProvider.java:113)
	at org.apache.maven.surefire.booter.ForkedBooter.runSuitesInProcess(ForkedBooter.java:385)
	at org.apache.maven.surefire.booter.ForkedBooter.execute(ForkedBooter.java:162)
	at org.apache.maven.surefire.booter.ForkedBooter.run(ForkedBooter.java:507)
	at org.apache.maven.surefire.booter.ForkedBooter.main(ForkedBooter.java:495)

[ERROR] com.rivio.tests.TC04_EmployeeTest.tc_emp_002_getSarahProfile -- Time elapsed: 4.764 s <<< FAILURE!
java.lang.AssertionError: expected [Sarah] but found [Priya]
	at org.testng.Assert.fail(Assert.java:111)
	at org.testng.Assert.failNotEquals(Assert.java:1578)
	at org.testng.Assert.assertEqualsImpl(Assert.java:150)
	at org.testng.Assert.assertEquals(Assert.java:132)
	at org.testng.Assert.assertEquals(Assert.java:656)
	at org.testng.Assert.assertEquals(Assert.java:666)
	at com.rivio.tests.TC04_EmployeeTest.tc_emp_002_getSarahProfile(TC04_EmployeeTest.java:71)
	at java.base/jdk.internal.reflect.NativeMethodAccessorImpl.invoke0(Native Method)
	at java.base/jdk.internal.reflect.NativeMethodAccessorImpl.invoke(NativeMethodAccessorImpl.java:77)
	at java.base/jdk.internal.reflect.DelegatingMethodAccessorImpl.invoke(DelegatingMethodAccessorImpl.java:43)
	at java.base/java.lang.reflect.Method.invoke(Method.java:568)
	at org.testng.internal.invokers.MethodInvocationHelper.invokeMethod(MethodInvocationHelper.java:139)
	at org.testng.internal.invokers.TestInvoker.invokeMethod(TestInvoker.java:664)
	at org.testng.internal.invokers.TestInvoker.invokeTestMethod(TestInvoker.java:228)
	at org.testng.internal.invokers.MethodRunner.runInSequence(MethodRunner.java:63)
	at org.testng.internal.invokers.TestInvoker$MethodInvocationAgent.invoke(TestInvoker.java:961)
	at org.testng.internal.invokers.TestInvoker.invokeTestMethods(TestInvoker.java:201)
	at org.testng.internal.invokers.TestMethodWorker.invokeTestMethods(TestMethodWorker.java:148)
	at org.testng.internal.invokers.TestMethodWorker.run(TestMethodWorker.java:128)
	at java.base/java.util.ArrayList.forEach(ArrayList.java:1511)
	at org.testng.TestRunner.privateRun(TestRunner.java:819)
	at org.testng.TestRunner.run(TestRunner.java:619)
	at org.testng.SuiteRunner.runTest(SuiteRunner.java:443)
	at org.testng.SuiteRunner.runSequentially(SuiteRunner.java:437)
	at org.testng.SuiteRunner.privateRun(SuiteRunner.java:397)
	at org.testng.SuiteRunner.run(SuiteRunner.java:336)
	at org.testng.SuiteRunnerWorker.runSuite(SuiteRunnerWorker.java:52)
	at org.testng.SuiteRunnerWorker.run(SuiteRunnerWorker.java:95)
	at org.testng.TestNG.runSuitesSequentially(TestNG.java:1301)
	at org.testng.TestNG.runSuitesLocally(TestNG.java:1228)
	at org.testng.TestNG.runSuites(TestNG.java:1134)
	at org.testng.TestNG.run(TestNG.java:1101)
	at org.apache.maven.surefire.testng.TestNGExecutor.run(TestNGExecutor.java:308)
	at org.apache.maven.surefire.testng.TestNGXmlTestSuite.execute(TestNGXmlTestSuite.java:71)
	at org.apache.maven.surefire.testng.TestNGProvider.invoke(TestNGProvider.java:113)
	at org.apache.maven.surefire.booter.ForkedBooter.runSuitesInProcess(ForkedBooter.java:385)
	at org.apache.maven.surefire.booter.ForkedBooter.execute(ForkedBooter.java:162)
	at org.apache.maven.surefire.booter.ForkedBooter.run(ForkedBooter.java:507)
	at org.apache.maven.surefire.booter.ForkedBooter.main(ForkedBooter.java:495)

[ERROR] com.rivio.tests.TC04_EmployeeTest.tc_emp_004_searchEmployeeByName -- Time elapsed: 1.552 s <<< FAILURE!
java.lang.AssertionError: Search for 'John' should return at least 1 result expected [true] but found [false]
	at org.testng.Assert.fail(Assert.java:111)
	at org.testng.Assert.failNotEquals(Assert.java:1578)
	at org.testng.Assert.assertTrue(Assert.java:57)
	at com.rivio.tests.TC04_EmployeeTest.tc_emp_004_searchEmployeeByName(TC04_EmployeeTest.java:115)
	at java.base/jdk.internal.reflect.NativeMethodAccessorImpl.invoke0(Native Method)
	at java.base/jdk.internal.reflect.NativeMethodAccessorImpl.invoke(NativeMethodAccessorImpl.java:77)
	at java.base/jdk.internal.reflect.DelegatingMethodAccessorImpl.invoke(DelegatingMethodAccessorImpl.java:43)
	at java.base/java.lang.reflect.Method.invoke(Method.java:568)
	at org.testng.internal.invokers.MethodInvocationHelper.invokeMethod(MethodInvocationHelper.java:139)
	at org.testng.internal.invokers.TestInvoker.invokeMethod(TestInvoker.java:664)
	at org.testng.internal.invokers.TestInvoker.invokeTestMethod(TestInvoker.java:228)
	at org.testng.internal.invokers.MethodRunner.runInSequence(MethodRunner.java:63)
	at org.testng.internal.invokers.TestInvoker$MethodInvocationAgent.invoke(TestInvoker.java:961)
	at org.testng.internal.invokers.TestInvoker.invokeTestMethods(TestInvoker.java:201)
	at org.testng.internal.invokers.TestMethodWorker.invokeTestMethods(TestMethodWorker.java:148)
	at org.testng.internal.invokers.TestMethodWorker.run(TestMethodWorker.java:128)
	at java.base/java.util.ArrayList.forEach(ArrayList.java:1511)
	at org.testng.TestRunner.privateRun(TestRunner.java:819)
	at org.testng.TestRunner.run(TestRunner.java:619)
	at org.testng.SuiteRunner.runTest(SuiteRunner.java:443)
	at org.testng.SuiteRunner.runSequentially(SuiteRunner.java:437)
	at org.testng.SuiteRunner.privateRun(SuiteRunner.java:397)
	at org.testng.SuiteRunner.run(SuiteRunner.java:336)
	at org.testng.SuiteRunnerWorker.runSuite(SuiteRunnerWorker.java:52)
	at org.testng.SuiteRunnerWorker.run(SuiteRunnerWorker.java:95)
	at org.testng.TestNG.runSuitesSequentially(TestNG.java:1301)
	at org.testng.TestNG.runSuitesLocally(TestNG.java:1228)
	at org.testng.TestNG.runSuites(TestNG.java:1134)
	at org.testng.TestNG.run(TestNG.java:1101)
	at org.apache.maven.surefire.testng.TestNGExecutor.run(TestNGExecutor.java:308)
	at org.apache.maven.surefire.testng.TestNGXmlTestSuite.execute(TestNGXmlTestSuite.java:71)
	at org.apache.maven.surefire.testng.TestNGProvider.invoke(TestNGProvider.java:113)
	at org.apache.maven.surefire.booter.ForkedBooter.runSuitesInProcess(ForkedBooter.java:385)
	at org.apache.maven.surefire.booter.ForkedBooter.execute(ForkedBooter.java:162)
	at org.apache.maven.surefire.booter.ForkedBooter.run(ForkedBooter.java:507)
	at org.apache.maven.surefire.booter.ForkedBooter.main(ForkedBooter.java:495)

[ERROR] com.rivio.tests.TC05_LeaveManagementTest.tc_leave_006_getAliceLeaveHistory -- Time elapsed: 1.418 s <<< FAILURE!
java.lang.AssertionError: Alice should have at least 1 seeded leave request expected [false] but found [true]
	at org.testng.Assert.fail(Assert.java:111)
	at org.testng.Assert.failNotEquals(Assert.java:1578)
	at org.testng.Assert.assertFalse(Assert.java:79)
	at com.rivio.tests.TC05_LeaveManagementTest.tc_leave_006_getAliceLeaveHistory(TC05_LeaveManagementTest.java:154)
	at java.base/jdk.internal.reflect.NativeMethodAccessorImpl.invoke0(Native Method)
	at java.base/jdk.internal.reflect.NativeMethodAccessorImpl.invoke(NativeMethodAccessorImpl.java:77)
	at java.base/jdk.internal.reflect.DelegatingMethodAccessorImpl.invoke(DelegatingMethodAccessorImpl.java:43)
	at java.base/java.lang.reflect.Method.invoke(Method.java:568)
	at org.testng.internal.invokers.MethodInvocationHelper.invokeMethod(MethodInvocationHelper.java:139)
	at org.testng.internal.invokers.TestInvoker.invokeMethod(TestInvoker.java:664)
	at org.testng.internal.invokers.TestInvoker.invokeTestMethod(TestInvoker.java:228)
	at org.testng.internal.invokers.MethodRunner.runInSequence(MethodRunner.java:63)
	at org.testng.internal.invokers.TestInvoker$MethodInvocationAgent.invoke(TestInvoker.java:961)
	at org.testng.internal.invokers.TestInvoker.invokeTestMethods(TestInvoker.java:201)
	at org.testng.internal.invokers.TestMethodWorker.invokeTestMethods(TestMethodWorker.java:148)
	at org.testng.internal.invokers.TestMethodWorker.run(TestMethodWorker.java:128)
	at java.base/java.util.ArrayList.forEach(ArrayList.java:1511)
	at org.testng.TestRunner.privateRun(TestRunner.java:819)
	at org.testng.TestRunner.run(TestRunner.java:619)
	at org.testng.SuiteRunner.runTest(SuiteRunner.java:443)
	at org.testng.SuiteRunner.runSequentially(SuiteRunner.java:437)
	at org.testng.SuiteRunner.privateRun(SuiteRunner.java:397)
	at org.testng.SuiteRunner.run(SuiteRunner.java:336)
	at org.testng.SuiteRunnerWorker.runSuite(SuiteRunnerWorker.java:52)
	at org.testng.SuiteRunnerWorker.run(SuiteRunnerWorker.java:95)
	at org.testng.TestNG.runSuitesSequentially(TestNG.java:1301)
	at org.testng.TestNG.runSuitesLocally(TestNG.java:1228)
	at org.testng.TestNG.runSuites(TestNG.java:1134)
	at org.testng.TestNG.run(TestNG.java:1101)
	at org.apache.maven.surefire.testng.TestNGExecutor.run(TestNGExecutor.java:308)
	at org.apache.maven.surefire.testng.TestNGXmlTestSuite.execute(TestNGXmlTestSuite.java:71)
	at org.apache.maven.surefire.testng.TestNGProvider.invoke(TestNGProvider.java:113)
	at org.apache.maven.surefire.booter.ForkedBooter.runSuitesInProcess(ForkedBooter.java:385)
	at org.apache.maven.surefire.booter.ForkedBooter.execute(ForkedBooter.java:162)
	at org.apache.maven.surefire.booter.ForkedBooter.run(ForkedBooter.java:507)
	at org.apache.maven.surefire.booter.ForkedBooter.main(ForkedBooter.java:495)

[ERROR] com.rivio.tests.TC06_AttendanceSchedulingTest.tc_att_009_getAllHolidays -- Time elapsed: 1.578 s <<< FAILURE!
java.lang.AssertionError: expected [true] but found [false]
	at org.testng.Assert.fail(Assert.java:111)
	at org.testng.Assert.failNotEquals(Assert.java:1578)
	at org.testng.Assert.assertTrue(Assert.java:57)
	at org.testng.Assert.assertTrue(Assert.java:67)
	at com.rivio.tests.TC06_AttendanceSchedulingTest.tc_att_009_getAllHolidays(TC06_AttendanceSchedulingTest.java:233)
	at java.base/jdk.internal.reflect.NativeMethodAccessorImpl.invoke0(Native Method)
	at java.base/jdk.internal.reflect.NativeMethodAccessorImpl.invoke(NativeMethodAccessorImpl.java:77)
	at java.base/jdk.internal.reflect.DelegatingMethodAccessorImpl.invoke(DelegatingMethodAccessorImpl.java:43)
	at java.base/java.lang.reflect.Method.invoke(Method.java:568)
	at org.testng.internal.invokers.MethodInvocationHelper.invokeMethod(MethodInvocationHelper.java:139)
	at org.testng.internal.invokers.TestInvoker.invokeMethod(TestInvoker.java:664)
	at org.testng.internal.invokers.TestInvoker.invokeTestMethod(TestInvoker.java:228)
	at org.testng.internal.invokers.MethodRunner.runInSequence(MethodRunner.java:63)
	at org.testng.internal.invokers.TestInvoker$MethodInvocationAgent.invoke(TestInvoker.java:961)
	at org.testng.internal.invokers.TestInvoker.invokeTestMethods(TestInvoker.java:201)
	at org.testng.internal.invokers.TestMethodWorker.invokeTestMethods(TestMethodWorker.java:148)
	at org.testng.internal.invokers.TestMethodWorker.run(TestMethodWorker.java:128)
	at java.base/java.util.ArrayList.forEach(ArrayList.java:1511)
	at org.testng.TestRunner.privateRun(TestRunner.java:819)
	at org.testng.TestRunner.run(TestRunner.java:619)
	at org.testng.SuiteRunner.runTest(SuiteRunner.java:443)
	at org.testng.SuiteRunner.runSequentially(SuiteRunner.java:437)
	at org.testng.SuiteRunner.privateRun(SuiteRunner.java:397)
	at org.testng.SuiteRunner.run(SuiteRunner.java:336)
	at org.testng.SuiteRunnerWorker.runSuite(SuiteRunnerWorker.java:52)
	at org.testng.SuiteRunnerWorker.run(SuiteRunnerWorker.java:95)
	at org.testng.TestNG.runSuitesSequentially(TestNG.java:1301)
	at org.testng.TestNG.runSuitesLocally(TestNG.java:1228)
	at org.testng.TestNG.runSuites(TestNG.java:1134)
	at org.testng.TestNG.run(TestNG.java:1101)
	at org.apache.maven.surefire.testng.TestNGExecutor.run(TestNGExecutor.java:308)
	at org.apache.maven.surefire.testng.TestNGXmlTestSuite.execute(TestNGXmlTestSuite.java:71)
	at org.apache.maven.surefire.testng.TestNGProvider.invoke(TestNGProvider.java:113)
	at org.apache.maven.surefire.booter.ForkedBooter.runSuitesInProcess(ForkedBooter.java:385)
	at org.apache.maven.surefire.booter.ForkedBooter.execute(ForkedBooter.java:162)
	at org.apache.maven.surefire.booter.ForkedBooter.run(ForkedBooter.java:507)
	at org.apache.maven.surefire.booter.ForkedBooter.main(ForkedBooter.java:495)

[ERROR] com.rivio.tests.TC07_ATSTest.tc_ats_001_listAllJobOpenings -- Time elapsed: 3.774 s <<< FAILURE!
java.lang.AssertionError: expected [true] but found [false]
	at org.testng.Assert.fail(Assert.java:111)
	at org.testng.Assert.failNotEquals(Assert.java:1578)
	at org.testng.Assert.assertTrue(Assert.java:57)
	at org.testng.Assert.assertTrue(Assert.java:67)
	at com.rivio.tests.TC07_ATSTest.tc_ats_001_listAllJobOpenings(TC07_ATSTest.java:46)
	at java.base/jdk.internal.reflect.NativeMethodAccessorImpl.invoke0(Native Method)
	at java.base/jdk.internal.reflect.NativeMethodAccessorImpl.invoke(NativeMethodAccessorImpl.java:77)
	at java.base/jdk.internal.reflect.DelegatingMethodAccessorImpl.invoke(DelegatingMethodAccessorImpl.java:43)
	at java.base/java.lang.reflect.Method.invoke(Method.java:568)
	at org.testng.internal.invokers.MethodInvocationHelper.invokeMethod(MethodInvocationHelper.java:139)
	at org.testng.internal.invokers.TestInvoker.invokeMethod(TestInvoker.java:664)
	at org.testng.internal.invokers.TestInvoker.invokeTestMethod(TestInvoker.java:228)
	at org.testng.internal.invokers.MethodRunner.runInSequence(MethodRunner.java:63)
	at org.testng.internal.invokers.TestInvoker$MethodInvocationAgent.invoke(TestInvoker.java:961)
	at org.testng.internal.invokers.TestInvoker.invokeTestMethods(TestInvoker.java:201)
	at org.testng.internal.invokers.TestMethodWorker.invokeTestMethods(TestMethodWorker.java:148)
	at org.testng.internal.invokers.TestMethodWorker.run(TestMethodWorker.java:128)
	at java.base/java.util.ArrayList.forEach(ArrayList.java:1511)
	at org.testng.TestRunner.privateRun(TestRunner.java:819)
	at org.testng.TestRunner.run(TestRunner.java:619)
	at org.testng.SuiteRunner.runTest(SuiteRunner.java:443)
	at org.testng.SuiteRunner.runSequentially(SuiteRunner.java:437)
	at org.testng.SuiteRunner.privateRun(SuiteRunner.java:397)
	at org.testng.SuiteRunner.run(SuiteRunner.java:336)
	at org.testng.SuiteRunnerWorker.runSuite(SuiteRunnerWorker.java:52)
	at org.testng.SuiteRunnerWorker.run(SuiteRunnerWorker.java:95)
	at org.testng.TestNG.runSuitesSequentially(TestNG.java:1301)
	at org.testng.TestNG.runSuitesLocally(TestNG.java:1228)
	at org.testng.TestNG.runSuites(TestNG.java:1134)
	at org.testng.TestNG.run(TestNG.java:1101)
	at org.apache.maven.surefire.testng.TestNGExecutor.run(TestNGExecutor.java:308)
	at org.apache.maven.surefire.testng.TestNGXmlTestSuite.execute(TestNGXmlTestSuite.java:71)
	at org.apache.maven.surefire.testng.TestNGProvider.invoke(TestNGProvider.java:113)
	at org.apache.maven.surefire.booter.ForkedBooter.runSuitesInProcess(ForkedBooter.java:385)
	at org.apache.maven.surefire.booter.ForkedBooter.execute(ForkedBooter.java:162)
	at org.apache.maven.surefire.booter.ForkedBooter.run(ForkedBooter.java:507)
	at org.apache.maven.surefire.booter.ForkedBooter.main(ForkedBooter.java:495)

[ERROR] com.rivio.tests.TC07_ATSTest.tc_ats_002_getJobOpeningById -- Time elapsed: 3.219 s <<< FAILURE!
java.lang.AssertionError: expected [Lead Backend Engineer] but found [Full Stack AI Engineer]
	at org.testng.Assert.fail(Assert.java:111)
	at org.testng.Assert.failNotEquals(Assert.java:1578)
	at org.testng.Assert.assertEqualsImpl(Assert.java:150)
	at org.testng.Assert.assertEquals(Assert.java:132)
	at org.testng.Assert.assertEquals(Assert.java:656)
	at org.testng.Assert.assertEquals(Assert.java:666)
	at com.rivio.tests.TC07_ATSTest.tc_ats_002_getJobOpeningById(TC07_ATSTest.java:65)
	at java.base/jdk.internal.reflect.NativeMethodAccessorImpl.invoke0(Native Method)
	at java.base/jdk.internal.reflect.NativeMethodAccessorImpl.invoke(NativeMethodAccessorImpl.java:77)
	at java.base/jdk.internal.reflect.DelegatingMethodAccessorImpl.invoke(DelegatingMethodAccessorImpl.java:43)
	at java.base/java.lang.reflect.Method.invoke(Method.java:568)
	at org.testng.internal.invokers.MethodInvocationHelper.invokeMethod(MethodInvocationHelper.java:139)
	at org.testng.internal.invokers.TestInvoker.invokeMethod(TestInvoker.java:664)
	at org.testng.internal.invokers.TestInvoker.invokeTestMethod(TestInvoker.java:228)
	at org.testng.internal.invokers.MethodRunner.runInSequence(MethodRunner.java:63)
	at org.testng.internal.invokers.TestInvoker$MethodInvocationAgent.invoke(TestInvoker.java:961)
	at org.testng.internal.invokers.TestInvoker.invokeTestMethods(TestInvoker.java:201)
	at org.testng.internal.invokers.TestMethodWorker.invokeTestMethods(TestMethodWorker.java:148)
	at org.testng.internal.invokers.TestMethodWorker.run(TestMethodWorker.java:128)
	at java.base/java.util.ArrayList.forEach(ArrayList.java:1511)
	at org.testng.TestRunner.privateRun(TestRunner.java:819)
	at org.testng.TestRunner.run(TestRunner.java:619)
	at org.testng.SuiteRunner.runTest(SuiteRunner.java:443)
	at org.testng.SuiteRunner.runSequentially(SuiteRunner.java:437)
	at org.testng.SuiteRunner.privateRun(SuiteRunner.java:397)
	at org.testng.SuiteRunner.run(SuiteRunner.java:336)
	at org.testng.SuiteRunnerWorker.runSuite(SuiteRunnerWorker.java:52)
	at org.testng.SuiteRunnerWorker.run(SuiteRunnerWorker.java:95)
	at org.testng.TestNG.runSuitesSequentially(TestNG.java:1301)
	at org.testng.TestNG.runSuitesLocally(TestNG.java:1228)
	at org.testng.TestNG.runSuites(TestNG.java:1134)
	at org.testng.TestNG.run(TestNG.java:1101)
	at org.apache.maven.surefire.testng.TestNGExecutor.run(TestNGExecutor.java:308)
	at org.apache.maven.surefire.testng.TestNGXmlTestSuite.execute(TestNGXmlTestSuite.java:71)
	at org.apache.maven.surefire.testng.TestNGProvider.invoke(TestNGProvider.java:113)
	at org.apache.maven.surefire.booter.ForkedBooter.runSuitesInProcess(ForkedBooter.java:385)
	at org.apache.maven.surefire.booter.ForkedBooter.execute(ForkedBooter.java:162)
	at org.apache.maven.surefire.booter.ForkedBooter.run(ForkedBooter.java:507)
	at org.apache.maven.surefire.booter.ForkedBooter.main(ForkedBooter.java:495)

[ERROR] com.rivio.tests.TC07_ATSTest.tc_ats_004_listCandidatesForSeededJob -- Time elapsed: 1.776 s <<< FAILURE!
java.lang.AssertionError: expected [true] but found [false]
	at org.testng.Assert.fail(Assert.java:111)
	at org.testng.Assert.failNotEquals(Assert.java:1578)
	at org.testng.Assert.assertTrue(Assert.java:57)
	at org.testng.Assert.assertTrue(Assert.java:67)
	at com.rivio.tests.TC07_ATSTest.tc_ats_004_listCandidatesForSeededJob(TC07_ATSTest.java:113)
	at java.base/jdk.internal.reflect.NativeMethodAccessorImpl.invoke0(Native Method)
	at java.base/jdk.internal.reflect.NativeMethodAccessorImpl.invoke(NativeMethodAccessorImpl.java:77)
	at java.base/jdk.internal.reflect.DelegatingMethodAccessorImpl.invoke(DelegatingMethodAccessorImpl.java:43)
	at java.base/java.lang.reflect.Method.invoke(Method.java:568)
	at org.testng.internal.invokers.MethodInvocationHelper.invokeMethod(MethodInvocationHelper.java:139)
	at org.testng.internal.invokers.TestInvoker.invokeMethod(TestInvoker.java:664)
	at org.testng.internal.invokers.TestInvoker.invokeTestMethod(TestInvoker.java:228)
	at org.testng.internal.invokers.MethodRunner.runInSequence(MethodRunner.java:63)
	at org.testng.internal.invokers.TestInvoker$MethodInvocationAgent.invoke(TestInvoker.java:961)
	at org.testng.internal.invokers.TestInvoker.invokeTestMethods(TestInvoker.java:201)
	at org.testng.internal.invokers.TestMethodWorker.invokeTestMethods(TestMethodWorker.java:148)
	at org.testng.internal.invokers.TestMethodWorker.run(TestMethodWorker.java:128)
	at java.base/java.util.ArrayList.forEach(ArrayList.java:1511)
	at org.testng.TestRunner.privateRun(TestRunner.java:819)
	at org.testng.TestRunner.run(TestRunner.java:619)
	at org.testng.SuiteRunner.runTest(SuiteRunner.java:443)
	at org.testng.SuiteRunner.runSequentially(SuiteRunner.java:437)
	at org.testng.SuiteRunner.privateRun(SuiteRunner.java:397)
	at org.testng.SuiteRunner.run(SuiteRunner.java:336)
	at org.testng.SuiteRunnerWorker.runSuite(SuiteRunnerWorker.java:52)
	at org.testng.SuiteRunnerWorker.run(SuiteRunnerWorker.java:95)
	at org.testng.TestNG.runSuitesSequentially(TestNG.java:1301)
	at org.testng.TestNG.runSuitesLocally(TestNG.java:1228)
	at org.testng.TestNG.runSuites(TestNG.java:1134)
	at org.testng.TestNG.run(TestNG.java:1101)
	at org.apache.maven.surefire.testng.TestNGExecutor.run(TestNGExecutor.java:308)
	at org.apache.maven.surefire.testng.TestNGXmlTestSuite.execute(TestNGXmlTestSuite.java:71)
	at org.apache.maven.surefire.testng.TestNGProvider.invoke(TestNGProvider.java:113)
	at org.apache.maven.surefire.booter.ForkedBooter.runSuitesInProcess(ForkedBooter.java:385)
	at org.apache.maven.surefire.booter.ForkedBooter.execute(ForkedBooter.java:162)
	at org.apache.maven.surefire.booter.ForkedBooter.run(ForkedBooter.java:507)
	at org.apache.maven.surefire.booter.ForkedBooter.main(ForkedBooter.java:495)

[ERROR] com.rivio.tests.TC07_ATSTest.tc_ats_005_getSeededCandidate -- Time elapsed: 2.924 s <<< FAILURE!
java.lang.AssertionError: expected [Charlie Brown] but found [Aliya]
	at org.testng.Assert.fail(Assert.java:111)
	at org.testng.Assert.failNotEquals(Assert.java:1578)
	at org.testng.Assert.assertEqualsImpl(Assert.java:150)
	at org.testng.Assert.assertEquals(Assert.java:132)
	at org.testng.Assert.assertEquals(Assert.java:656)
	at org.testng.Assert.assertEquals(Assert.java:666)
	at com.rivio.tests.TC07_ATSTest.tc_ats_005_getSeededCandidate(TC07_ATSTest.java:133)
	at java.base/jdk.internal.reflect.NativeMethodAccessorImpl.invoke0(Native Method)
	at java.base/jdk.internal.reflect.NativeMethodAccessorImpl.invoke(NativeMethodAccessorImpl.java:77)
	at java.base/jdk.internal.reflect.DelegatingMethodAccessorImpl.invoke(DelegatingMethodAccessorImpl.java:43)
	at java.base/java.lang.reflect.Method.invoke(Method.java:568)
	at org.testng.internal.invokers.MethodInvocationHelper.invokeMethod(MethodInvocationHelper.java:139)
	at org.testng.internal.invokers.TestInvoker.invokeMethod(TestInvoker.java:664)
	at org.testng.internal.invokers.TestInvoker.invokeTestMethod(TestInvoker.java:228)
	at org.testng.internal.invokers.MethodRunner.runInSequence(MethodRunner.java:63)
	at org.testng.internal.invokers.TestInvoker$MethodInvocationAgent.invoke(TestInvoker.java:961)
	at org.testng.internal.invokers.TestInvoker.invokeTestMethods(TestInvoker.java:201)
	at org.testng.internal.invokers.TestMethodWorker.invokeTestMethods(TestMethodWorker.java:148)
	at org.testng.internal.invokers.TestMethodWorker.run(TestMethodWorker.java:128)
	at java.base/java.util.ArrayList.forEach(ArrayList.java:1511)
	at org.testng.TestRunner.privateRun(TestRunner.java:819)
	at org.testng.TestRunner.run(TestRunner.java:619)
	at org.testng.SuiteRunner.runTest(SuiteRunner.java:443)
	at org.testng.SuiteRunner.runSequentially(SuiteRunner.java:437)
	at org.testng.SuiteRunner.privateRun(SuiteRunner.java:397)
	at org.testng.SuiteRunner.run(SuiteRunner.java:336)
	at org.testng.SuiteRunnerWorker.runSuite(SuiteRunnerWorker.java:52)
	at org.testng.SuiteRunnerWorker.run(SuiteRunnerWorker.java:95)
	at org.testng.TestNG.runSuitesSequentially(TestNG.java:1301)
	at org.testng.TestNG.runSuitesLocally(TestNG.java:1228)
	at org.testng.TestNG.runSuites(TestNG.java:1134)
	at org.testng.TestNG.run(TestNG.java:1101)
	at org.apache.maven.surefire.testng.TestNGExecutor.run(TestNGExecutor.java:308)
	at org.apache.maven.surefire.testng.TestNGXmlTestSuite.execute(TestNGXmlTestSuite.java:71)
	at org.apache.maven.surefire.testng.TestNGProvider.invoke(TestNGProvider.java:113)
	at org.apache.maven.surefire.booter.ForkedBooter.runSuitesInProcess(ForkedBooter.java:385)
	at org.apache.maven.surefire.booter.ForkedBooter.execute(ForkedBooter.java:162)
	at org.apache.maven.surefire.booter.ForkedBooter.run(ForkedBooter.java:507)
	at org.apache.maven.surefire.booter.ForkedBooter.main(ForkedBooter.java:495)

[ERROR] com.rivio.tests.TC07_ATSTest.tc_ats_007_filterCandidatesByStage -- Time elapsed: 1.588 s <<< FAILURE!
java.lang.AssertionError: Should find at least Charlie Brown at INTERVIEWING stage expected [false] but found [true]
	at org.testng.Assert.fail(Assert.java:111)
	at org.testng.Assert.failNotEquals(Assert.java:1578)
	at org.testng.Assert.assertFalse(Assert.java:79)
	at com.rivio.tests.TC07_ATSTest.tc_ats_007_filterCandidatesByStage(TC07_ATSTest.java:183)
	at java.base/jdk.internal.reflect.NativeMethodAccessorImpl.invoke0(Native Method)
	at java.base/jdk.internal.reflect.NativeMethodAccessorImpl.invoke(NativeMethodAccessorImpl.java:77)
	at java.base/jdk.internal.reflect.DelegatingMethodAccessorImpl.invoke(DelegatingMethodAccessorImpl.java:43)
	at java.base/java.lang.reflect.Method.invoke(Method.java:568)
	at org.testng.internal.invokers.MethodInvocationHelper.invokeMethod(MethodInvocationHelper.java:139)
	at org.testng.internal.invokers.TestInvoker.invokeMethod(TestInvoker.java:664)
	at org.testng.internal.invokers.TestInvoker.invokeTestMethod(TestInvoker.java:228)
	at org.testng.internal.invokers.MethodRunner.runInSequence(MethodRunner.java:63)
	at org.testng.internal.invokers.TestInvoker$MethodInvocationAgent.invoke(TestInvoker.java:961)
	at org.testng.internal.invokers.TestInvoker.invokeTestMethods(TestInvoker.java:201)
	at org.testng.internal.invokers.TestMethodWorker.invokeTestMethods(TestMethodWorker.java:148)
	at org.testng.internal.invokers.TestMethodWorker.run(TestMethodWorker.java:128)
	at java.base/java.util.ArrayList.forEach(ArrayList.java:1511)
	at org.testng.TestRunner.privateRun(TestRunner.java:819)
	at org.testng.TestRunner.run(TestRunner.java:619)
	at org.testng.SuiteRunner.runTest(SuiteRunner.java:443)
	at org.testng.SuiteRunner.runSequentially(SuiteRunner.java:437)
	at org.testng.SuiteRunner.privateRun(SuiteRunner.java:397)
	at org.testng.SuiteRunner.run(SuiteRunner.java:336)
	at org.testng.SuiteRunnerWorker.runSuite(SuiteRunnerWorker.java:52)
	at org.testng.SuiteRunnerWorker.run(SuiteRunnerWorker.java:95)
	at org.testng.TestNG.runSuitesSequentially(TestNG.java:1301)
	at org.testng.TestNG.runSuitesLocally(TestNG.java:1228)
	at org.testng.TestNG.runSuites(TestNG.java:1134)
	at org.testng.TestNG.run(TestNG.java:1101)
	at org.apache.maven.surefire.testng.TestNGExecutor.run(TestNGExecutor.java:308)
	at org.apache.maven.surefire.testng.TestNGXmlTestSuite.execute(TestNGXmlTestSuite.java:71)
	at org.apache.maven.surefire.testng.TestNGProvider.invoke(TestNGProvider.java:113)
	at org.apache.maven.surefire.booter.ForkedBooter.runSuitesInProcess(ForkedBooter.java:385)
	at org.apache.maven.surefire.booter.ForkedBooter.execute(ForkedBooter.java:162)
	at org.apache.maven.surefire.booter.ForkedBooter.run(ForkedBooter.java:507)
	at org.apache.maven.surefire.booter.ForkedBooter.main(ForkedBooter.java:495)

[ERROR] com.rivio.tests.TC08_PayrollTest.tc_pay_001_getSalaryComponentsJohn -- Time elapsed: 1.890 s <<< FAILURE!
java.lang.AssertionError: expected [true] but found [false]
	at org.testng.Assert.fail(Assert.java:111)
	at org.testng.Assert.failNotEquals(Assert.java:1578)
	at org.testng.Assert.assertTrue(Assert.java:57)
	at org.testng.Assert.assertTrue(Assert.java:67)
	at com.rivio.tests.TC08_PayrollTest.tc_pay_001_getSalaryComponentsJohn(TC08_PayrollTest.java:51)
	at java.base/jdk.internal.reflect.NativeMethodAccessorImpl.invoke0(Native Method)
	at java.base/jdk.internal.reflect.NativeMethodAccessorImpl.invoke(NativeMethodAccessorImpl.java:77)
	at java.base/jdk.internal.reflect.DelegatingMethodAccessorImpl.invoke(DelegatingMethodAccessorImpl.java:43)
	at java.base/java.lang.reflect.Method.invoke(Method.java:568)
	at org.testng.internal.invokers.MethodInvocationHelper.invokeMethod(MethodInvocationHelper.java:139)
	at org.testng.internal.invokers.TestInvoker.invokeMethod(TestInvoker.java:664)
	at org.testng.internal.invokers.TestInvoker.invokeTestMethod(TestInvoker.java:228)
	at org.testng.internal.invokers.MethodRunner.runInSequence(MethodRunner.java:63)
	at org.testng.internal.invokers.TestInvoker$MethodInvocationAgent.invoke(TestInvoker.java:961)
	at org.testng.internal.invokers.TestInvoker.invokeTestMethods(TestInvoker.java:201)
	at org.testng.internal.invokers.TestMethodWorker.invokeTestMethods(TestMethodWorker.java:148)
	at org.testng.internal.invokers.TestMethodWorker.run(TestMethodWorker.java:128)
	at java.base/java.util.ArrayList.forEach(ArrayList.java:1511)
	at org.testng.TestRunner.privateRun(TestRunner.java:819)
	at org.testng.TestRunner.run(TestRunner.java:619)
	at org.testng.SuiteRunner.runTest(SuiteRunner.java:443)
	at org.testng.SuiteRunner.runSequentially(SuiteRunner.java:437)
	at org.testng.SuiteRunner.privateRun(SuiteRunner.java:397)
	at org.testng.SuiteRunner.run(SuiteRunner.java:336)
	at org.testng.SuiteRunnerWorker.runSuite(SuiteRunnerWorker.java:52)
	at org.testng.SuiteRunnerWorker.run(SuiteRunnerWorker.java:95)
	at org.testng.TestNG.runSuitesSequentially(TestNG.java:1301)
	at org.testng.TestNG.runSuitesLocally(TestNG.java:1228)
	at org.testng.TestNG.runSuites(TestNG.java:1134)
	at org.testng.TestNG.run(TestNG.java:1101)
	at org.apache.maven.surefire.testng.TestNGExecutor.run(TestNGExecutor.java:308)
	at org.apache.maven.surefire.testng.TestNGXmlTestSuite.execute(TestNGXmlTestSuite.java:71)
	at org.apache.maven.surefire.testng.TestNGProvider.invoke(TestNGProvider.java:113)
	at org.apache.maven.surefire.booter.ForkedBooter.runSuitesInProcess(ForkedBooter.java:385)
	at org.apache.maven.surefire.booter.ForkedBooter.execute(ForkedBooter.java:162)
	at org.apache.maven.surefire.booter.ForkedBooter.run(ForkedBooter.java:507)
	at org.apache.maven.surefire.booter.ForkedBooter.main(ForkedBooter.java:495)

[ERROR] com.rivio.tests.TC08_PayrollTest.tc_pay_002_getSalaryComponentsBob -- Time elapsed: 1.811 s <<< FAILURE!
java.lang.AssertionError: expected [true] but found [false]
	at org.testng.Assert.fail(Assert.java:111)
	at org.testng.Assert.failNotEquals(Assert.java:1578)
	at org.testng.Assert.assertTrue(Assert.java:57)
	at org.testng.Assert.assertTrue(Assert.java:67)
	at com.rivio.tests.TC08_PayrollTest.tc_pay_002_getSalaryComponentsBob(TC08_PayrollTest.java:69)
	at java.base/jdk.internal.reflect.NativeMethodAccessorImpl.invoke0(Native Method)
	at java.base/jdk.internal.reflect.NativeMethodAccessorImpl.invoke(NativeMethodAccessorImpl.java:77)
	at java.base/jdk.internal.reflect.DelegatingMethodAccessorImpl.invoke(DelegatingMethodAccessorImpl.java:43)
	at java.base/java.lang.reflect.Method.invoke(Method.java:568)
	at org.testng.internal.invokers.MethodInvocationHelper.invokeMethod(MethodInvocationHelper.java:139)
	at org.testng.internal.invokers.TestInvoker.invokeMethod(TestInvoker.java:664)
	at org.testng.internal.invokers.TestInvoker.invokeTestMethod(TestInvoker.java:228)
	at org.testng.internal.invokers.MethodRunner.runInSequence(MethodRunner.java:63)
	at org.testng.internal.invokers.TestInvoker$MethodInvocationAgent.invoke(TestInvoker.java:961)
	at org.testng.internal.invokers.TestInvoker.invokeTestMethods(TestInvoker.java:201)
	at org.testng.internal.invokers.TestMethodWorker.invokeTestMethods(TestMethodWorker.java:148)
	at org.testng.internal.invokers.TestMethodWorker.run(TestMethodWorker.java:128)
	at java.base/java.util.ArrayList.forEach(ArrayList.java:1511)
	at org.testng.TestRunner.privateRun(TestRunner.java:819)
	at org.testng.TestRunner.run(TestRunner.java:619)
	at org.testng.SuiteRunner.runTest(SuiteRunner.java:443)
	at org.testng.SuiteRunner.runSequentially(SuiteRunner.java:437)
	at org.testng.SuiteRunner.privateRun(SuiteRunner.java:397)
	at org.testng.SuiteRunner.run(SuiteRunner.java:336)
	at org.testng.SuiteRunnerWorker.runSuite(SuiteRunnerWorker.java:52)
	at org.testng.SuiteRunnerWorker.run(SuiteRunnerWorker.java:95)
	at org.testng.TestNG.runSuitesSequentially(TestNG.java:1301)
	at org.testng.TestNG.runSuitesLocally(TestNG.java:1228)
	at org.testng.TestNG.runSuites(TestNG.java:1134)
	at org.testng.TestNG.run(TestNG.java:1101)
	at org.apache.maven.surefire.testng.TestNGExecutor.run(TestNGExecutor.java:308)
	at org.apache.maven.surefire.testng.TestNGXmlTestSuite.execute(TestNGXmlTestSuite.java:71)
	at org.apache.maven.surefire.testng.TestNGProvider.invoke(TestNGProvider.java:113)
	at org.apache.maven.surefire.booter.ForkedBooter.runSuitesInProcess(ForkedBooter.java:385)
	at org.apache.maven.surefire.booter.ForkedBooter.execute(ForkedBooter.java:162)
	at org.apache.maven.surefire.booter.ForkedBooter.run(ForkedBooter.java:507)
	at org.apache.maven.surefire.booter.ForkedBooter.main(ForkedBooter.java:495)

[ERROR] com.rivio.tests.TC08_PayrollTest.tc_pay_009_getPayslipsForSeededCycle -- Time elapsed: 3.011 s <<< FAILURE!
java.lang.AssertionError: Feb 2026 cycle should have 2 seeded payslips expected [true] but found [false]
	at org.testng.Assert.fail(Assert.java:111)
	at org.testng.Assert.failNotEquals(Assert.java:1578)
	at org.testng.Assert.assertTrue(Assert.java:57)
	at com.rivio.tests.TC08_PayrollTest.tc_pay_009_getPayslipsForSeededCycle(TC08_PayrollTest.java:222)
	at java.base/jdk.internal.reflect.NativeMethodAccessorImpl.invoke0(Native Method)
	at java.base/jdk.internal.reflect.NativeMethodAccessorImpl.invoke(NativeMethodAccessorImpl.java:77)
	at java.base/jdk.internal.reflect.DelegatingMethodAccessorImpl.invoke(DelegatingMethodAccessorImpl.java:43)
	at java.base/java.lang.reflect.Method.invoke(Method.java:568)
	at org.testng.internal.invokers.MethodInvocationHelper.invokeMethod(MethodInvocationHelper.java:139)
	at org.testng.internal.invokers.TestInvoker.invokeMethod(TestInvoker.java:664)
	at org.testng.internal.invokers.TestInvoker.invokeTestMethod(TestInvoker.java:228)
	at org.testng.internal.invokers.MethodRunner.runInSequence(MethodRunner.java:63)
	at org.testng.internal.invokers.TestInvoker$MethodInvocationAgent.invoke(TestInvoker.java:961)
	at org.testng.internal.invokers.TestInvoker.invokeTestMethods(TestInvoker.java:201)
	at org.testng.internal.invokers.TestMethodWorker.invokeTestMethods(TestMethodWorker.java:148)
	at org.testng.internal.invokers.TestMethodWorker.run(TestMethodWorker.java:128)
	at java.base/java.util.ArrayList.forEach(ArrayList.java:1511)
	at org.testng.TestRunner.privateRun(TestRunner.java:819)
	at org.testng.TestRunner.run(TestRunner.java:619)
	at org.testng.SuiteRunner.runTest(SuiteRunner.java:443)
	at org.testng.SuiteRunner.runSequentially(SuiteRunner.java:437)
	at org.testng.SuiteRunner.privateRun(SuiteRunner.java:397)
	at org.testng.SuiteRunner.run(SuiteRunner.java:336)
	at org.testng.SuiteRunnerWorker.runSuite(SuiteRunnerWorker.java:52)
	at org.testng.SuiteRunnerWorker.run(SuiteRunnerWorker.java:95)
	at org.testng.TestNG.runSuitesSequentially(TestNG.java:1301)
	at org.testng.TestNG.runSuitesLocally(TestNG.java:1228)
	at org.testng.TestNG.runSuites(TestNG.java:1134)
	at org.testng.TestNG.run(TestNG.java:1101)
	at org.apache.maven.surefire.testng.TestNGExecutor.run(TestNGExecutor.java:308)
	at org.apache.maven.surefire.testng.TestNGXmlTestSuite.execute(TestNGXmlTestSuite.java:71)
	at org.apache.maven.surefire.testng.TestNGProvider.invoke(TestNGProvider.java:113)
	at org.apache.maven.surefire.booter.ForkedBooter.runSuitesInProcess(ForkedBooter.java:385)
	at org.apache.maven.surefire.booter.ForkedBooter.execute(ForkedBooter.java:162)
	at org.apache.maven.surefire.booter.ForkedBooter.run(ForkedBooter.java:507)
	at org.apache.maven.surefire.booter.ForkedBooter.main(ForkedBooter.java:495)

[ERROR] Failures: 
[ERROR]   TC01_AuthTest.tc_auth_003_loginAsHrManager:81 Unexpected HTTP status. Body: {"success":false,"message":"Invalid email or password","timestamp":"2026-05-09T15:02:00.727755103"} expected [200] but found [401]
[ERROR]   TC03_CompanyStructureTest.tc_cs_001_getAllLocations:47 Bengaluru HQ should be in locations expected [true] but found [false]
[ERROR]   TC03_CompanyStructureTest.tc_cs_008_getDesignationsByDepartment:189 Engineering should have at least 3 designations expected [true] but found [false]
[ERROR]   TC04_EmployeeTest.tc_emp_001_getSeededEmployeeProfile:49 expected [John] but found [Arjun]
[ERROR]   TC04_EmployeeTest.tc_emp_002_getSarahProfile:71 expected [Sarah] but found [Priya]
[ERROR]   TC04_EmployeeTest.tc_emp_004_searchEmployeeByName:115 Search for 'John' should return at least 1 result expected [true] but found [false]
[ERROR]   TC05_LeaveManagementTest.tc_leave_006_getAliceLeaveHistory:154 Alice should have at least 1 seeded leave request expected [false] but found [true]
[ERROR]   TC06_AttendanceSchedulingTest.tc_att_009_getAllHolidays:233 expected [true] but found [false]
[ERROR]   TC07_ATSTest.tc_ats_001_listAllJobOpenings:46 expected [true] but found [false]
[ERROR]   TC07_ATSTest.tc_ats_002_getJobOpeningById:65 expected [Lead Backend Engineer] but found [Full Stack AI Engineer]
[ERROR]   TC07_ATSTest.tc_ats_004_listCandidatesForSeededJob:113 expected [true] but found [false]
[ERROR]   TC07_ATSTest.tc_ats_005_getSeededCandidate:133 expected [Charlie Brown] but found [Aliya]
[ERROR]   TC07_ATSTest.tc_ats_007_filterCandidatesByStage:183 Should find at least Charlie Brown at INTERVIEWING stage expected [false] but found [true]
[ERROR]   TC08_PayrollTest.tc_pay_001_getSalaryComponentsJohn:51 expected [true] but found [false]
[ERROR]   TC08_PayrollTest.tc_pay_002_getSalaryComponentsBob:69 expected [true] but found [false]
[ERROR]   TC08_PayrollTest.tc_pay_009_getPayslipsForSeededCycle:222 Feb 2026 cycle should have 2 seeded payslips expected [true] but found [false]
[ERROR] Tests run: 78, Failures: 16, Errors: 0, Skipped: 0
[ERROR] Failed to execute goal org.apache.maven.plugins:maven-surefire-plugin:3.2.5:test (default-test) on project rivio-api-tests: There are test failures.
[ERROR] 
[ERROR] Please refer to C:\Users\2479627\Desktop\rivio-api-tests\target\surefire-reports for the individual test results.
[ERROR] Please refer to dump files (if any exist) [date].dump, [date]-jvmRun[N].dump and [date].dumpstream.
[ERROR] -> [Help 1]
[ERROR] 
[ERROR] To see the full stack trace of the errors, re-run Maven with the -e switch.
[ERROR] Re-run Maven using the -X switch to enable full debug logging.
[ERROR] 
[ERROR] For more information about the errors and possible solutions, please read the following articles:
[ERROR] [Help 1] http://cwiki.apache.org/confluence/display/MAVEN/MojoFailureException
